Archive member included to satisfy reference by file (symbol)

./../IO/./out/lib/io.lib(io.o)
                              ./out/bin/main.obj (_close)
./../IO/./out/lib/io.lib(scpdos.lib)
                              ./../IO/./out/lib/io.lib(io.o) (GetLastError)

There are no discarded input sections

Memory Configuration

Name             Origin             Length             Attributes
*default*        0x0000000000000000 0xffffffffffffffff

Linker script and memory map

LOAD ./../CRT0/out/lib/crt0.lib
                0x0000000140000000                __image_base__ = 0x140000000
                0x0000000000000000                __dll__ = 0x0
                0x0000000140000000                __ImageBase = 0x140000000
                0x0000000000001000                __section_alignment__ = 0x1000
                0x0000000000000200                __file_alignment__ = 0x200
                0x0000000000000004                __major_os_version__ = 0x4
                0x0000000000000000                __minor_os_version__ = 0x0
                0x0000000000000000                __major_image_version__ = 0x0
                0x0000000000000000                __minor_image_version__ = 0x0
                0x0000000000000005                __major_subsystem_version__ = 0x5
                0x0000000000000002                __minor_subsystem_version__ = 0x2
                0x0000000000000003                __subsystem__ = 0x3
                0x0000000000200000                __size_of_stack_reserve__ = 0x200000
                0x0000000000001000                __size_of_stack_commit__ = 0x1000
                0x0000000000100000                __size_of_heap_reserve__ = 0x100000
                0x0000000000001000                __size_of_heap_commit__ = 0x1000
                0x0000000000000000                __loader_flags__ = 0x0
                0x0000000000000160                __dll_characteristics__ = 0x160
                0x0000000140001000                . = (__ImageBase + 0x1000)

.text           0x0000000140001000     0x1800 load address 0x0000000000001000
 *(.text)
 .text          0x0000000140001000      0x19f ./../CRT0/out/lib/crt0.lib
                0x0000000140001000                __start__
                0x000000014000116f                __main
 *fill*         0x000000014000119f        0x1 
 .text          0x00000001400011a0      0x5d0 ./out/bin/main.obj
                0x00000001400011a0                main
                0x00000001400014af                printErrorMsg
                0x0000000140001554                openFile
                0x0000000140001577                closeFile
                0x0000000140001592                readFile
                0x00000001400015bf                writeFile
                0x00000001400015ec                writeCon
                0x0000000140001625                scanChar
                0x0000000140001667                strlen
                0x0000000140001699                writeByteAtCursor
                0x0000000140001710                writeDwordAtCursor
 .text          0x0000000140001770      0x330 ./../IO/./out/lib/io.lib(io.o)
                0x0000000140001770                _close
                0x000000014000178e                _commit
                0x00000001400017ac                _creat
                0x00000001400017d5                _dup
                0x0000000140001821                _dup2
                0x0000000140001866                _eof
                0x00000001400018e2                _lseek
                0x0000000140001939                _open
                0x0000000140001962                _read
                0x00000001400019c8                _tell
                0x00000001400019f1                _umask
                0x0000000140001a1c                _write
                0x0000000140001a82                _get_io_error
 .text          0x0000000140001aa0      0xb90 ./../IO/./out/lib/io.lib(scpdos.lib)
                0x0000000140001aa0                SetInterruptVector
                0x0000000140001ab5                GetInterruptVector
                0x0000000140001acb                SetDiskVerifyState
                0x0000000140001ad9                ClearDiskVerifyState
                0x0000000140001ae7                GetDOSVersion
                0x0000000140001af5                GetCtrlBreakState
                0x0000000140001b06                SetCtrlBreakState
                0x0000000140001b19                __getErrorInformation
                0x0000000140001b4e                GetExtendedLastError
                0x0000000140001bab                GetLastError
                0x0000000140001be5                GetDefaultDiskDPBPointer
                0x0000000140001c06                GetDPBPointer
                0x0000000140001c34                SetCurrentProcessId
                0x0000000140001c4a                GetCurrentProcessId
                0x0000000140001c5d                GetPointerToDosSysVars
                0x0000000140001c70                GenerateDPB
                0x0000000140001c90                GeneratePartialPSP
                0x0000000140001ca5                GenerateNewPSP
                0x0000000140001cc2                GetPtrToInDOSFlag
                0x0000000140001cd5                GetSwitchChar
                0x0000000140001ce6                SetSwitchChar
                0x0000000140001cfb                __setDTA
                0x0000000140001d10                __getDTA
                0x0000000140001d23                ParseFileName
                0x0000000140001d4a                CreateDirectory
                0x0000000140001d69                DeleteDirectory
                0x0000000140001d88                ChangeCurrentDirectory
                0x0000000140001da7                CreateFile
                0x0000000140001dc7                OpenFile
                0x0000000140001df7                CloseFile
                0x0000000140001e1a                ReadFile
                0x0000000140001e50                WriteFile
                0x0000000140001e86                DeleteFile
                0x0000000140001ea8                SetFilePointer
                0x0000000140001ec9                SetFilePointerL
                0x0000000140001ef7                GetFileAttributes
                0x0000000140001f14                SetFileAttributes
                0x0000000140001f34                DuplicateHandle
                0x0000000140001f5c                ForceDuplicateHandle
                0x0000000140001f85                GetCurrentDirectory
                0x0000000140001fb0                __FindFirst
                0x0000000140001fdb                FindFirstFile
                0x0000000140002029                __FindNext
                0x0000000140002041                FindNextFile
                0x000000014000207c                FindClose
                0x000000014000208b                RenameFile
                0x00000001400020b3                GetFileDateAndTime
                0x00000001400020e5                SetFileDateAndTime
                0x000000014000210d                CreateTemporaryFile
                0x000000014000212d                CreateUniqueFile
                0x000000014000214d                GetFQFileName
                0x0000000140002177                FlushFile
                0x0000000140002196                ExecProcess
                0x00000001400021be                LoadProcess
                0x00000001400021e6                LoadOverlay
                0x000000014000220e                ExitProcess
                0x0000000140002223                ExitProcessAndStayResidentP
                0x000000014000223b                ExitProcessAndStayResidentB
                0x0000000140002249                GetExitCodeProcess
                0x0000000140002257                __AllocateMemory
                0x0000000140002272                __FreeMemory
                0x0000000140002291                __ReallocateMemory
                0x00000001400022b7                VirtualAllocate
                0x00000001400022d2                VirtualFree
                0x00000001400022ed                VirtualReallocate
                0x0000000140002313                PhysicalAllocate
                0x000000014000232e                PhysicalFree
                0x0000000140002349                PhysicalReallocate
                0x000000014000236f                GetMemoryAllocationStrategy
                0x000000014000237d                SetMemoryAllocationStrategy
                0x000000014000239d                GetChar
                0x00000001400023ae                PutChar
                0x00000001400023c4                AuxInput
                0x00000001400023d5                AuxOutput
                0x00000001400023eb                PrnOutput
                0x0000000140002401                DirectConInAsync
                0x0000000140002426                DirectConOutAsync
                0x0000000140002441                DirectConIn
                0x0000000140002452                ConInput
                0x0000000140002463                __WriteString
                0x0000000140002481                WriteString
                0x00000001400024e0                __GetBufferedInput
                0x00000001400024f5                GetBufferedInput
                0x0000000140002533                GetConInputStatus
                0x0000000140002543                ClearInputBuffer
                0x0000000140002551                GetDate
                0x0000000140002586                SetDate
                0x00000001400025ae                GetTime
                0x00000001400025e2                SetTime
                0x000000014000261a                GetCountryInformation

.rdata          0x0000000140003000      0x200 load address 0x0000000000003000
 .rdata         0x0000000140003000      0x1a0 ./out/bin/main.obj
 .rdata$zzz     0x00000001400031a0       0x20 ./out/bin/main.obj
 .rdata$zzz     0x00000001400031c0       0x20 ./../IO/./out/lib/io.lib(io.o)
 .rdata$zzz     0x00000001400031e0       0x20 ./../IO/./out/lib/io.lib(scpdos.lib)

.xdata          0x0000000140004000      0x600 load address 0x0000000000004000
 .xdata         0x0000000140004000       0x84 ./out/bin/main.obj
 .xdata         0x0000000140004084       0x9c ./../IO/./out/lib/io.lib(io.o)
 .xdata         0x0000000140004120      0x300 ./../IO/./out/lib/io.lib(scpdos.lib)

.pdata          0x0000000140005000      0x600 load address 0x0000000000005000
 .pdata         0x0000000140005000       0x84 ./out/bin/main.obj
 .pdata         0x0000000140005084       0x9c ./../IO/./out/lib/io.lib(io.o)
 .pdata         0x0000000140005120      0x438 ./../IO/./out/lib/io.lib(scpdos.lib)

.data           0x0000000140005560      0x200 load address 0x0000000000005560
 *(.data)
 .data          0x0000000140005560       0x10 ./out/bin/main.obj
                0x0000000140005560                paramString
 .data          0x0000000140005570        0x0 ./../IO/./out/lib/io.lib(io.o)
 .data          0x0000000140005570        0x0 ./../IO/./out/lib/io.lib(scpdos.lib)

.rodata
 *(.rodata)

.bss            0x0000000140005580      0x150 load address 0x0000000000005580
                0x0000000140005580                _BSS_START_ = .
 *(.bss)
 .bss           0x0000000140005580      0x120 ./out/bin/main.obj
                0x0000000140005580                switchFlags
                0x00000001400055a0                buffer1
                0x0000000140005620                buffer2
 .bss           0x00000001400056a0       0x10 ./../IO/./out/lib/io.lib(io.o)
                0x00000001400056a0                umask
 .bss           0x00000001400056b0       0x20 ./../IO/./out/lib/io.lib(scpdos.lib)
                0x00000001400056b0                _env
                0x00000001400056b8                _argc
                0x00000001400056c0                _argv
 *(COMMON)
 *(.bss*)
 *(.stack)
                0x00000001400056d0                _BSS_END_ = .
LOAD ./out/bin/main.obj
LOAD ./../IO/./out/lib/io.lib
OUTPUT(./out/bin/fc.exe pei-x86-64)
LOAD dll stuff

.reloc          0x0000000140006000      0x200
 .reloc         0x0000000140006000        0xc dll stuff
