Archive member included to satisfy reference by file (symbol)

./../IO/./out/lib/io.lib(io.o)
                              ./out/bin/main.obj (_close)
./../IO/./out/lib/io.lib(scpdos.lib)
                              ./../IO/./out/lib/io.lib(io.o) (GetLastError)

Memory Configuration

Name             Origin             Length             Attributes
*default*        0x0000000000000000 0xffffffffffffffff

Linker script and memory map

LOAD ./../CRT0/out/lib/crt0.lib
                0x0000000140000000                __image_base__ = 0x140000000
                0x0000000000000000                __dll__ = 0x0
                0x0000000140000000                __ImageBase = 0x140000000
                0x0000000000001000                __section_alignment__ = 0x1000
                0x0000000000000200                __file_alignment__ = 0x200
                0x0000000000000004                __major_os_version__ = 0x4
                0x0000000000000000                __minor_os_version__ = 0x0
                0x0000000000000000                __major_image_version__ = 0x0
                0x0000000000000000                __minor_image_version__ = 0x0
                0x0000000000000005                __major_subsystem_version__ = 0x5
                0x0000000000000002                __minor_subsystem_version__ = 0x2
                0x0000000000000003                __subsystem__ = 0x3
                0x0000000000200000                __size_of_stack_reserve__ = 0x200000
                0x0000000000001000                __size_of_stack_commit__ = 0x1000
                0x0000000000100000                __size_of_heap_reserve__ = 0x100000
                0x0000000000001000                __size_of_heap_commit__ = 0x1000
                0x0000000000000000                __loader_flags__ = 0x0
                0x0000000000000160                __dll_characteristics__ = 0x160
                0x0000000140001000                . = (__ImageBase + 0x1000)

.text           0x0000000140001000     0x1800 load address 0x0000000000001000
 *(.text)
 .text          0x0000000140001000      0x1ba ./../CRT0/out/lib/crt0.lib
                0x0000000140001000                __start__
                0x000000014000118a                __main
 *fill*         0x00000001400011ba        0x6 
 .text          0x00000001400011c0      0x5a0 ./out/bin/main.obj
                0x00000001400011c0                main
                0x00000001400014ad                printErrorMsg
                0x0000000140001540                openFile
                0x0000000140001560                closeFile
                0x0000000140001579                readFile
                0x00000001400015a7                writeFile
                0x00000001400015d5                writeCon
                0x0000000140001608                scanChar
                0x000000014000164a                strlen
                0x000000014000167c                writeByteAtCursor
                0x00000001400016f3                writeDwordAtCursor
 .text          0x0000000140001760      0x330 ./../IO/./out/lib/io.lib(io.o)
                0x0000000140001760                _close
                0x000000014000177e                _commit
                0x000000014000179c                _creat
                0x00000001400017c5                _dup
                0x0000000140001811                _dup2
                0x0000000140001856                _eof
                0x00000001400018d2                _lseek
                0x0000000140001929                _open
                0x0000000140001952                _read
                0x00000001400019b8                _tell
                0x00000001400019e1                _umask
                0x0000000140001a0c                _write
                0x0000000140001a72                _get_io_error
 .text          0x0000000140001a90      0xb90 ./../IO/./out/lib/io.lib(scpdos.lib)
                0x0000000140001a90                SetInterruptVector
                0x0000000140001aa5                GetInterruptVector
                0x0000000140001abb                SetDiskVerifyState
                0x0000000140001ac9                ClearDiskVerifyState
                0x0000000140001ad7                GetDOSVersion
                0x0000000140001ae5                GetCtrlBreakState
                0x0000000140001af6                SetCtrlBreakState
                0x0000000140001b09                __getErrorInformation
                0x0000000140001b3e                GetExtendedLastError
                0x0000000140001b9b                GetLastError
                0x0000000140001bd5                GetDefaultDiskDPBPointer
                0x0000000140001bf6                GetDPBPointer
                0x0000000140001c24                SetCurrentProcessId
                0x0000000140001c3a                GetCurrentProcessId
                0x0000000140001c4d                GetPointerToDosSysVars
                0x0000000140001c60                GenerateDPB
                0x0000000140001c80                GeneratePartialPSP
                0x0000000140001c95                GenerateNewPSP
                0x0000000140001cb2                GetPtrToInDOSFlag
                0x0000000140001cc5                GetSwitchChar
                0x0000000140001cd6                SetSwitchChar
                0x0000000140001ceb                __setDTA
                0x0000000140001d00                __getDTA
                0x0000000140001d13                ParseFileName
                0x0000000140001d3a                CreateDirectory
                0x0000000140001d59                DeleteDirectory
                0x0000000140001d78                ChangeCurrentDirectory
                0x0000000140001d97                CreateFile
                0x0000000140001db7                OpenFile
                0x0000000140001de7                CloseFile
                0x0000000140001e0a                ReadFile
                0x0000000140001e40                WriteFile
                0x0000000140001e76                DeleteFile
                0x0000000140001e98                SetFilePointer
                0x0000000140001eb9                SetFilePointerL
                0x0000000140001ee7                GetFileAttributes
                0x0000000140001f04                SetFileAttributes
                0x0000000140001f24                DuplicateHandle
                0x0000000140001f4c                ForceDuplicateHandle
                0x0000000140001f75                GetCurrentDirectory
                0x0000000140001fa0                __FindFirst
                0x0000000140001fcb                FindFirstFile
                0x0000000140002019                __FindNext
                0x0000000140002031                FindNextFile
                0x000000014000206c                FindClose
                0x000000014000207b                RenameFile
                0x00000001400020a3                GetFileDateAndTime
                0x00000001400020d5                SetFileDateAndTime
                0x00000001400020fd                CreateTemporaryFile
                0x000000014000211d                CreateUniqueFile
                0x000000014000213d                GetFQFileName
                0x0000000140002167                FlushFile
                0x0000000140002186                ExecProcess
                0x00000001400021ae                LoadProcess
                0x00000001400021d6                LoadOverlay
                0x00000001400021fe                ExitProcess
                0x0000000140002213                ExitProcessAndStayResidentP
                0x000000014000222b                ExitProcessAndStayResidentB
                0x0000000140002239                GetExitCodeProcess
                0x0000000140002247                __AllocateMemory
                0x0000000140002262                __FreeMemory
                0x0000000140002281                __ReallocateMemory
                0x00000001400022a7                VirtualAllocate
                0x00000001400022c2                VirtualFree
                0x00000001400022dd                VirtualReallocate
                0x0000000140002303                PhysicalAllocate
                0x000000014000231e                PhysicalFree
                0x0000000140002339                PhysicalReallocate
                0x000000014000235f                GetMemoryAllocationStrategy
                0x000000014000236d                SetMemoryAllocationStrategy
                0x000000014000238d                GetChar
                0x000000014000239e                PutChar
                0x00000001400023b4                AuxInput
                0x00000001400023c5                AuxOutput
                0x00000001400023db                PrnOutput
                0x00000001400023f1                DirectConInAsync
                0x0000000140002416                DirectConOutAsync
                0x0000000140002431                DirectConIn
                0x0000000140002442                ConInput
                0x0000000140002453                __WriteString
                0x0000000140002471                WriteString
                0x00000001400024d0                __GetBufferedInput
                0x00000001400024e5                GetBufferedInput
                0x0000000140002523                GetConInputStatus
                0x0000000140002533                ClearInputBuffer
                0x0000000140002541                GetDate
                0x0000000140002576                SetDate
                0x000000014000259e                GetTime
                0x00000001400025d2                SetTime
                0x000000014000260a                GetCountryInformation

.rdata          0x0000000140003000      0x200 load address 0x0000000000003000
 .rdata         0x0000000140003000      0x1a0 ./out/bin/main.obj
 .rdata$zzz     0x00000001400031a0       0x20 ./out/bin/main.obj
 .rdata$zzz     0x00000001400031c0       0x20 ./../IO/./out/lib/io.lib(io.o)
 .rdata$zzz     0x00000001400031e0       0x20 ./../IO/./out/lib/io.lib(scpdos.lib)

.xdata          0x0000000140004000      0x600 load address 0x0000000000004000
 .xdata         0x0000000140004000       0x84 ./out/bin/main.obj
 .xdata         0x0000000140004084       0x9c ./../IO/./out/lib/io.lib(io.o)
 .xdata         0x0000000140004120      0x300 ./../IO/./out/lib/io.lib(scpdos.lib)

.pdata          0x0000000140005000      0x600 load address 0x0000000000005000
 .pdata         0x0000000140005000       0x84 ./out/bin/main.obj
 .pdata         0x0000000140005084       0x9c ./../IO/./out/lib/io.lib(io.o)
 .pdata         0x0000000140005120      0x438 ./../IO/./out/lib/io.lib(scpdos.lib)

.data           0x0000000140005560      0x200 load address 0x0000000000005560
 *(.data)
 .data          0x0000000140005560       0x10 ./out/bin/main.obj
                0x0000000140005560                paramString
 .data          0x0000000140005570        0x0 ./../IO/./out/lib/io.lib(io.o)
 .data          0x0000000140005570        0x0 ./../IO/./out/lib/io.lib(scpdos.lib)

.reloc          0x0000000140006000      0x200 load address 0x0000000000006000
 .reloc         0x0000000140006000       0x18 dll stuff

.rodata
 *(.rodata)

.bss            0x0000000140006020      0x150 load address 0x0000000000006020
                0x0000000140006020                _BSS_START_ = .
 *(.bss)
 .bss           0x0000000140006020      0x120 ./out/bin/main.obj
                0x0000000140006020                switchFlags
                0x0000000140006040                buffer1
                0x00000001400060c0                buffer2
 .bss           0x0000000140006140       0x10 ./../IO/./out/lib/io.lib(io.o)
                0x0000000140006140                umask
 .bss           0x0000000140006150       0x20 ./../IO/./out/lib/io.lib(scpdos.lib)
                0x0000000140006150                _env
                0x0000000140006158                _argc
                0x0000000140006160                _argv
 *(COMMON)
 *(.bss*)
 *(.stack)
                0x0000000140006170                _BSS_END_ = .
LOAD ./out/bin/main.obj
LOAD ./../IO/./out/lib/io.lib
OUTPUT(./out/bin/fc.exe pei-x86-64)
LOAD dll stuff
