Archive member included to satisfy reference by file (symbol)

./../IO/./out/lib/io.lib(io.o)
                              ./out/bin/main.obj (_close)
./../IO/./out/lib/io.lib(scpdos.lib)
                              ./../IO/./out/lib/io.lib(io.o) (GetLastError)

Allocating common symbols
Common symbol       size              file

buffer2             0x80              ./out/bin/main.obj
buffer1             0x80              ./out/bin/main.obj

Memory Configuration

Name             Origin             Length             Attributes
*default*        0x0000000000000000 0xffffffffffffffff

Linker script and memory map

LOAD ./../CRT0/out/lib/crt0.lib
                0x0000000000400000                __image_base__ = 0x400000
                0x0000000000000000                __dll__ = 0x0
                0x0000000000400000                __ImageBase = 0x400000
                0x0000000000001000                __section_alignment__ = 0x1000
                0x0000000000000200                __file_alignment__ = 0x200
                0x0000000000000004                __major_os_version__ = 0x4
                0x0000000000000000                __minor_os_version__ = 0x0
                0x0000000000000000                __major_image_version__ = 0x0
                0x0000000000000000                __minor_image_version__ = 0x0
                0x0000000000000005                __major_subsystem_version__ = 0x5
                0x0000000000000002                __minor_subsystem_version__ = 0x2
                0x0000000000000003                __subsystem__ = 0x3
                0x0000000000200000                __size_of_stack_reserve__ = 0x200000
                0x0000000000001000                __size_of_stack_commit__ = 0x1000
                0x0000000000100000                __size_of_heap_reserve__ = 0x100000
                0x0000000000001000                __size_of_heap_commit__ = 0x1000
                0x0000000000000000                __loader_flags__ = 0x0
                0x0000000000000000                __dll_characteristics__ = 0x0
                0x0000000000401000                . = (__ImageBase + 0x1000)

.text           0x0000000000401000     0x1600 load address 0x0000000000001000
 *(.text)
 .text          0x0000000000401000      0x133 ./../CRT0/out/lib/crt0.lib
                0x0000000000401000                __start__
                0x0000000000401132                __main
 *fill*         0x0000000000401133        0xd 
 .text          0x0000000000401140      0x5c0 ./out/bin/main.obj
                0x0000000000401140                main
                0x0000000000401451                printErrorMsg
                0x00000000004014e4                openFile
                0x0000000000401504                closeFile
                0x000000000040151d                readFile
                0x000000000040154b                writeFile
                0x0000000000401579                writeCon
                0x00000000004015ac                scanChar
                0x00000000004015ee                strlen
                0x0000000000401620                writeByteAtCursor
                0x0000000000401697                writeDwordAtCursor
 .text          0x0000000000401700      0x330 ./../IO/./out/lib/io.lib(io.o)
                0x0000000000401700                _close
                0x000000000040171e                _commit
                0x000000000040173c                _creat
                0x0000000000401765                _dup
                0x00000000004017b1                _dup2
                0x00000000004017f6                _eof
                0x0000000000401872                _lseek
                0x00000000004018c9                _open
                0x00000000004018f2                _read
                0x0000000000401958                _tell
                0x0000000000401981                _umask
                0x00000000004019ac                _write
                0x0000000000401a12                _get_io_error
 .text          0x0000000000401a30      0xb90 ./../IO/./out/lib/io.lib(scpdos.lib)
                0x0000000000401a30                SetInterruptVector
                0x0000000000401a45                GetInterruptVector
                0x0000000000401a5b                SetDiskVerifyState
                0x0000000000401a69                ClearDiskVerifyState
                0x0000000000401a77                GetDOSVersion
                0x0000000000401a85                GetCtrlBreakState
                0x0000000000401a96                SetCtrlBreakState
                0x0000000000401aa9                __getErrorInformation
                0x0000000000401ade                GetExtendedLastError
                0x0000000000401b3b                GetLastError
                0x0000000000401b75                GetDefaultDiskDPBPointer
                0x0000000000401b96                GetDPBPointer
                0x0000000000401bc4                SetCurrentProcessId
                0x0000000000401bda                GetCurrentProcessId
                0x0000000000401bed                GetPointerToDosSysVars
                0x0000000000401c00                GenerateDPB
                0x0000000000401c20                GeneratePartialPSP
                0x0000000000401c35                GenerateNewPSP
                0x0000000000401c52                GetPtrToInDOSFlag
                0x0000000000401c65                GetSwitchChar
                0x0000000000401c76                SetSwitchChar
                0x0000000000401c8b                __setDTA
                0x0000000000401ca0                __getDTA
                0x0000000000401cb3                ParseFileName
                0x0000000000401cda                CreateDirectory
                0x0000000000401cf9                DeleteDirectory
                0x0000000000401d18                ChangeCurrentDirectory
                0x0000000000401d37                CreateFile
                0x0000000000401d57                OpenFile
                0x0000000000401d87                CloseFile
                0x0000000000401daa                ReadFile
                0x0000000000401de0                WriteFile
                0x0000000000401e16                DeleteFile
                0x0000000000401e38                SetFilePointer
                0x0000000000401e59                SetFilePointerL
                0x0000000000401e87                GetFileAttributes
                0x0000000000401ea4                SetFileAttributes
                0x0000000000401ec4                DuplicateHandle
                0x0000000000401eec                ForceDuplicateHandle
                0x0000000000401f15                GetCurrentDirectory
                0x0000000000401f40                __FindFirst
                0x0000000000401f6b                FindFirstFile
                0x0000000000401fb9                __FindNext
                0x0000000000401fd1                FindNextFile
                0x000000000040200c                FindClose
                0x000000000040201b                RenameFile
                0x0000000000402043                GetFileDateAndTime
                0x0000000000402075                SetFileDateAndTime
                0x000000000040209d                CreateTemporaryFile
                0x00000000004020bd                CreateUniqueFile
                0x00000000004020dd                GetFQFileName
                0x0000000000402107                FlushFile
                0x0000000000402126                ExecProcess
                0x000000000040214e                LoadProcess
                0x0000000000402176                LoadOverlay
                0x000000000040219e                ExitProcess
                0x00000000004021b3                ExitProcessAndStayResidentP
                0x00000000004021cb                ExitProcessAndStayResidentB
                0x00000000004021d9                GetExitCodeProcess
                0x00000000004021e7                __AllocateMemory
                0x0000000000402202                __FreeMemory
                0x0000000000402221                __ReallocateMemory
                0x0000000000402247                VirtualAllocate
                0x0000000000402262                VirtualFree
                0x000000000040227d                VirtualReallocate
                0x00000000004022a3                PhysicalAllocate
                0x00000000004022be                PhysicalFree
                0x00000000004022d9                PhysicalReallocate
                0x00000000004022ff                GetMemoryAllocationStrategy
                0x000000000040230d                SetMemoryAllocationStrategy
                0x000000000040232d                GetChar
                0x000000000040233e                PutChar
                0x0000000000402354                AuxInput
                0x0000000000402365                AuxOutput
                0x000000000040237b                PrnOutput
                0x0000000000402391                DirectConInAsync
                0x00000000004023b6                DirectConOutAsync
                0x00000000004023d1                DirectConIn
                0x00000000004023e2                ConInput
                0x00000000004023f3                __WriteString
                0x000000000040240f                WriteString
                0x000000000040246e                __GetBufferedInput
                0x0000000000402483                GetBufferedInput
                0x00000000004024c1                GetConInputStatus
                0x00000000004024d1                ClearInputBuffer
                0x00000000004024df                GetDate
                0x0000000000402514                SetDate
                0x000000000040253c                GetTime
                0x0000000000402570                SetTime
                0x00000000004025a8                GetCountryInformation
 .text          0x00000000004025c0       0x10 ./../BREAK/./out/lib/bochs.lib
                0x00000000004025c0                bochsBreak

.rdata          0x0000000000403000      0x400 load address 0x0000000000003000
 .rdata         0x0000000000403000      0x1c0 ./out/bin/main.obj
 .rdata$zzz     0x00000000004031c0       0x20 ./out/bin/main.obj
 .rdata$zzz     0x00000000004031e0       0x20 ./../IO/./out/lib/io.lib(io.o)
 .rdata$zzz     0x0000000000403200       0x20 ./../IO/./out/lib/io.lib(scpdos.lib)
 .rdata$zzz     0x0000000000403220       0x20 ./../BREAK/./out/lib/bochs.lib

.xdata          0x0000000000404000      0x600 load address 0x0000000000004000
 .xdata         0x0000000000404000       0x84 ./out/bin/main.obj
 .xdata         0x0000000000404084       0x9c ./../IO/./out/lib/io.lib(io.o)
 .xdata         0x0000000000404120      0x300 ./../IO/./out/lib/io.lib(scpdos.lib)
 .xdata         0x0000000000404420        0x8 ./../BREAK/./out/lib/bochs.lib

.pdata          0x0000000000405000      0x600 load address 0x0000000000005000
 .pdata         0x0000000000405000       0x84 ./out/bin/main.obj
 .pdata         0x0000000000405084       0x9c ./../IO/./out/lib/io.lib(io.o)
 .pdata         0x0000000000405120      0x438 ./../IO/./out/lib/io.lib(scpdos.lib)
 .pdata         0x0000000000405558        0xc ./../BREAK/./out/lib/bochs.lib

.data           0x0000000000405570      0x200 load address 0x0000000000005570
 *(.data)
 .data          0x0000000000405570       0x20 ./out/bin/main.obj
                0x0000000000405570                paramString
                0x0000000000405578                defPath1
                0x0000000000405580                defPath2
 .data          0x0000000000405590        0x0 ./../IO/./out/lib/io.lib(io.o)
 .data          0x0000000000405590        0x0 ./../IO/./out/lib/io.lib(scpdos.lib)
 .data          0x0000000000405590        0x0 ./../BREAK/./out/lib/bochs.lib

.drectve        0x0000000000406000      0x200 load address 0x0000000000006000
 .drectve       0x0000000000406000       0x6c ./out/bin/main.obj
 .drectve       0x000000000040606c       0x40 ./../IO/./out/lib/io.lib(io.o)

.reloc          0x0000000000407000      0x200 load address 0x0000000000007000
 .reloc         0x0000000000407000       0x1c dll stuff

.rodata
 *(.rodata)

.bss            0x0000000000407020      0x140 load address 0x0000000000007020
                0x0000000000407020                _BSS_START_ = .
 *(.bss)
 .bss           0x0000000000407020       0x10 ./out/bin/main.obj
                0x0000000000407020                switchFlags
 .bss           0x0000000000407030       0x10 ./../IO/./out/lib/io.lib(io.o)
                0x0000000000407030                umask
 .bss           0x0000000000407040       0x20 ./../IO/./out/lib/io.lib(scpdos.lib)
                0x0000000000407040                _env
                0x0000000000407048                _argc
                0x0000000000407050                _argv
 .bss           0x0000000000407060        0x0 ./../BREAK/./out/lib/bochs.lib
 *(COMMON)
 COMMON         0x0000000000407060      0x100 ./out/bin/main.obj
                0x0000000000407060                buffer2
                0x00000000004070e0                buffer1
 *(.bss*)
 *(.stack)
                0x0000000000407160                _BSS_END_ = .
LOAD ./out/bin/main.obj
LOAD ./../IO/./out/lib/io.lib
LOAD ./../BREAK/./out/lib/bochs.lib
OUTPUT(./out/bin/fc.exe pei-x86-64)
LOAD dll stuff
