Archive member included to satisfy reference by file (symbol)

./../IO/./out/lib/io.lib(io.o)
                              ./out/bin/main.obj (_close)
./../IO/./out/lib/io.lib(scpdos.lib)
                              ./../IO/./out/lib/io.lib(io.o) (GetLastError)

Allocating common symbols
Common symbol       size              file

buffer2             0x80              ./out/bin/main.obj
buffer1             0x80              ./out/bin/main.obj

Memory Configuration

Name             Origin             Length             Attributes
*default*        0x0000000000000000 0xffffffffffffffff

Linker script and memory map

LOAD ./../CRT0/out/lib/crt0.lib
                0x0000000000400000                __image_base__ = 0x400000
                0x0000000000000000                __dll__ = 0x0
                0x0000000000400000                __ImageBase = 0x400000
                0x0000000000001000                __section_alignment__ = 0x1000
                0x0000000000000200                __file_alignment__ = 0x200
                0x0000000000000004                __major_os_version__ = 0x4
                0x0000000000000000                __minor_os_version__ = 0x0
                0x0000000000000000                __major_image_version__ = 0x0
                0x0000000000000000                __minor_image_version__ = 0x0
                0x0000000000000005                __major_subsystem_version__ = 0x5
                0x0000000000000002                __minor_subsystem_version__ = 0x2
                0x0000000000000003                __subsystem__ = 0x3
                0x0000000000200000                __size_of_stack_reserve__ = 0x200000
                0x0000000000001000                __size_of_stack_commit__ = 0x1000
                0x0000000000100000                __size_of_heap_reserve__ = 0x100000
                0x0000000000001000                __size_of_heap_commit__ = 0x1000
                0x0000000000000000                __loader_flags__ = 0x0
                0x0000000000000000                __dll_characteristics__ = 0x0
                0x0000000000401000                . = (__ImageBase + 0x1000)

.text           0x0000000000401000     0x1600 load address 0x0000000000001000
 *(.text)
 .text          0x0000000000401000      0x133 ./../CRT0/out/lib/crt0.lib
                0x0000000000401000                __start__
                0x0000000000401132                __main
 *fill*         0x0000000000401133        0xd 
 .text          0x0000000000401140      0x5a0 ./out/bin/main.obj
                0x0000000000401140                main
                0x000000000040142d                printErrorMsg
                0x00000000004014c0                openFile
                0x00000000004014e0                closeFile
                0x00000000004014f9                readFile
                0x0000000000401527                writeFile
                0x0000000000401555                writeCon
                0x0000000000401588                scanChar
                0x00000000004015ca                strlen
                0x00000000004015fc                writeByteAtCursor
                0x0000000000401673                writeDwordAtCursor
 .text          0x00000000004016e0      0x330 ./../IO/./out/lib/io.lib(io.o)
                0x00000000004016e0                _close
                0x00000000004016fe                _commit
                0x000000000040171c                _creat
                0x0000000000401745                _dup
                0x0000000000401791                _dup2
                0x00000000004017d6                _eof
                0x0000000000401852                _lseek
                0x00000000004018a9                _open
                0x00000000004018d2                _read
                0x0000000000401938                _tell
                0x0000000000401961                _umask
                0x000000000040198c                _write
                0x00000000004019f2                _get_io_error
 .text          0x0000000000401a10      0xb90 ./../IO/./out/lib/io.lib(scpdos.lib)
                0x0000000000401a10                SetInterruptVector
                0x0000000000401a25                GetInterruptVector
                0x0000000000401a3b                SetDiskVerifyState
                0x0000000000401a49                ClearDiskVerifyState
                0x0000000000401a57                GetDOSVersion
                0x0000000000401a65                GetCtrlBreakState
                0x0000000000401a76                SetCtrlBreakState
                0x0000000000401a89                __getErrorInformation
                0x0000000000401abe                GetExtendedLastError
                0x0000000000401b1b                GetLastError
                0x0000000000401b55                GetDefaultDiskDPBPointer
                0x0000000000401b76                GetDPBPointer
                0x0000000000401ba4                SetCurrentProcessId
                0x0000000000401bba                GetCurrentProcessId
                0x0000000000401bcd                GetPointerToDosSysVars
                0x0000000000401be0                GenerateDPB
                0x0000000000401c00                GeneratePartialPSP
                0x0000000000401c15                GenerateNewPSP
                0x0000000000401c32                GetPtrToInDOSFlag
                0x0000000000401c45                GetSwitchChar
                0x0000000000401c56                SetSwitchChar
                0x0000000000401c6b                __setDTA
                0x0000000000401c80                __getDTA
                0x0000000000401c93                ParseFileName
                0x0000000000401cba                CreateDirectory
                0x0000000000401cd9                DeleteDirectory
                0x0000000000401cf8                ChangeCurrentDirectory
                0x0000000000401d17                CreateFile
                0x0000000000401d37                OpenFile
                0x0000000000401d67                CloseFile
                0x0000000000401d8a                ReadFile
                0x0000000000401dc0                WriteFile
                0x0000000000401df6                DeleteFile
                0x0000000000401e18                SetFilePointer
                0x0000000000401e39                SetFilePointerL
                0x0000000000401e67                GetFileAttributes
                0x0000000000401e84                SetFileAttributes
                0x0000000000401ea4                DuplicateHandle
                0x0000000000401ecc                ForceDuplicateHandle
                0x0000000000401ef5                GetCurrentDirectory
                0x0000000000401f20                __FindFirst
                0x0000000000401f4b                FindFirstFile
                0x0000000000401f99                __FindNext
                0x0000000000401fb1                FindNextFile
                0x0000000000401fec                FindClose
                0x0000000000401ffb                RenameFile
                0x0000000000402023                GetFileDateAndTime
                0x0000000000402055                SetFileDateAndTime
                0x000000000040207d                CreateTemporaryFile
                0x000000000040209d                CreateUniqueFile
                0x00000000004020bd                GetFQFileName
                0x00000000004020e7                FlushFile
                0x0000000000402106                ExecProcess
                0x000000000040212e                LoadProcess
                0x0000000000402156                LoadOverlay
                0x000000000040217e                ExitProcess
                0x0000000000402193                ExitProcessAndStayResidentP
                0x00000000004021ab                ExitProcessAndStayResidentB
                0x00000000004021b9                GetExitCodeProcess
                0x00000000004021c7                __AllocateMemory
                0x00000000004021e2                __FreeMemory
                0x0000000000402201                __ReallocateMemory
                0x0000000000402227                VirtualAllocate
                0x0000000000402242                VirtualFree
                0x000000000040225d                VirtualReallocate
                0x0000000000402283                PhysicalAllocate
                0x000000000040229e                PhysicalFree
                0x00000000004022b9                PhysicalReallocate
                0x00000000004022df                GetMemoryAllocationStrategy
                0x00000000004022ed                SetMemoryAllocationStrategy
                0x000000000040230d                GetChar
                0x000000000040231e                PutChar
                0x0000000000402334                AuxInput
                0x0000000000402345                AuxOutput
                0x000000000040235b                PrnOutput
                0x0000000000402371                DirectConInAsync
                0x0000000000402396                DirectConOutAsync
                0x00000000004023b1                DirectConIn
                0x00000000004023c2                ConInput
                0x00000000004023d3                __WriteString
                0x00000000004023ef                WriteString
                0x000000000040244e                __GetBufferedInput
                0x0000000000402463                GetBufferedInput
                0x00000000004024a1                GetConInputStatus
                0x00000000004024b1                ClearInputBuffer
                0x00000000004024bf                GetDate
                0x00000000004024f4                SetDate
                0x000000000040251c                GetTime
                0x0000000000402550                SetTime
                0x0000000000402588                GetCountryInformation

.rdata          0x0000000000403000      0x200 load address 0x0000000000003000
 .rdata         0x0000000000403000      0x1a0 ./out/bin/main.obj
 .rdata$zzz     0x00000000004031a0       0x20 ./out/bin/main.obj
 .rdata$zzz     0x00000000004031c0       0x20 ./../IO/./out/lib/io.lib(io.o)
 .rdata$zzz     0x00000000004031e0       0x20 ./../IO/./out/lib/io.lib(scpdos.lib)

.xdata          0x0000000000404000      0x600 load address 0x0000000000004000
 .xdata         0x0000000000404000       0x84 ./out/bin/main.obj
 .xdata         0x0000000000404084       0x9c ./../IO/./out/lib/io.lib(io.o)
 .xdata         0x0000000000404120      0x300 ./../IO/./out/lib/io.lib(scpdos.lib)

.pdata          0x0000000000405000      0x600 load address 0x0000000000005000
 .pdata         0x0000000000405000       0x84 ./out/bin/main.obj
 .pdata         0x0000000000405084       0x9c ./../IO/./out/lib/io.lib(io.o)
 .pdata         0x0000000000405120      0x438 ./../IO/./out/lib/io.lib(scpdos.lib)

.data           0x0000000000405560      0x200 load address 0x0000000000005560
 *(.data)
 .data          0x0000000000405560       0x10 ./out/bin/main.obj
                0x0000000000405560                paramString
 .data          0x0000000000405570        0x0 ./../IO/./out/lib/io.lib(io.o)
 .data          0x0000000000405570        0x0 ./../IO/./out/lib/io.lib(scpdos.lib)

.drectve        0x0000000000406000      0x200 load address 0x0000000000006000
 .drectve       0x0000000000406000       0x6c ./out/bin/main.obj
 .drectve       0x000000000040606c       0x40 ./../IO/./out/lib/io.lib(io.o)

.reloc          0x0000000000407000      0x200 load address 0x0000000000007000
 .reloc         0x0000000000407000       0x18 dll stuff

.rodata
 *(.rodata)

.bss            0x0000000000407020      0x140 load address 0x0000000000007020
                0x0000000000407020                _BSS_START_ = .
 *(.bss)
 .bss           0x0000000000407020       0x10 ./out/bin/main.obj
                0x0000000000407020                switchFlags
 .bss           0x0000000000407030       0x10 ./../IO/./out/lib/io.lib(io.o)
                0x0000000000407030                umask
 .bss           0x0000000000407040       0x20 ./../IO/./out/lib/io.lib(scpdos.lib)
                0x0000000000407040                _env
                0x0000000000407048                _argc
                0x0000000000407050                _argv
 *(COMMON)
 COMMON         0x0000000000407060      0x100 ./out/bin/main.obj
                0x0000000000407060                buffer2
                0x00000000004070e0                buffer1
 *(.bss*)
 *(.stack)
                0x0000000000407160                _BSS_END_ = .
LOAD ./out/bin/main.obj
LOAD ./../IO/./out/lib/io.lib
OUTPUT(./out/bin/fc.exe pei-x86-64)
LOAD dll stuff
