Archive member included to satisfy reference by file (symbol)

./../IO/./out/lib/io.lib(io.o)
                              ./out/bin/main.obj (_close)
./../IO/./out/lib/io.lib(scpdos.lib)
                              ./../IO/./out/lib/io.lib(io.o) (GetLastError)

Allocating common symbols
Common symbol       size              file

buffer2             0x80              ./out/bin/main.obj
buffer1             0x80              ./out/bin/main.obj

Memory Configuration

Name             Origin             Length             Attributes
*default*        0x0000000000000000 0xffffffffffffffff

Linker script and memory map

LOAD ./../CRT0/out/lib/crt0.lib
                0x0000000000400000                __image_base__ = 0x400000
                0x0000000000000000                __dll__ = 0x0
                0x0000000000400000                __ImageBase = 0x400000
                0x0000000000001000                __section_alignment__ = 0x1000
                0x0000000000000200                __file_alignment__ = 0x200
                0x0000000000000004                __major_os_version__ = 0x4
                0x0000000000000000                __minor_os_version__ = 0x0
                0x0000000000000000                __major_image_version__ = 0x0
                0x0000000000000000                __minor_image_version__ = 0x0
                0x0000000000000005                __major_subsystem_version__ = 0x5
                0x0000000000000002                __minor_subsystem_version__ = 0x2
                0x0000000000000003                __subsystem__ = 0x3
                0x0000000000200000                __size_of_stack_reserve__ = 0x200000
                0x0000000000001000                __size_of_stack_commit__ = 0x1000
                0x0000000000100000                __size_of_heap_reserve__ = 0x100000
                0x0000000000001000                __size_of_heap_commit__ = 0x1000
                0x0000000000000000                __loader_flags__ = 0x0
                0x0000000000000000                __dll_characteristics__ = 0x0
                0x0000000000401000                . = (__ImageBase + 0x1000)

.text           0x0000000000401000     0x1600 load address 0x0000000000001000
 *(.text)
 .text          0x0000000000401000       0x97 ./../CRT0/out/lib/crt0.lib
                0x0000000000401000                start
                0x0000000000401096                __main
 *fill*         0x0000000000401097        0x9 
 .text          0x00000000004010a0      0x5c0 ./out/bin/main.obj
                0x00000000004010a0                main
                0x00000000004013b6                printErrorMsg
                0x0000000000401449                openFile
                0x0000000000401469                closeFile
                0x0000000000401482                readFile
                0x00000000004014b0                writeFile
                0x00000000004014de                writeCon
                0x0000000000401511                scanChar
                0x0000000000401553                strlen
                0x0000000000401585                writeByteAtCursor
                0x00000000004015fc                writeDwordAtCursor
 .text          0x0000000000401660      0x330 ./../IO/./out/lib/io.lib(io.o)
                0x0000000000401660                _close
                0x000000000040167e                _commit
                0x000000000040169c                _creat
                0x00000000004016c5                _dup
                0x0000000000401711                _dup2
                0x0000000000401756                _eof
                0x00000000004017d2                _lseek
                0x0000000000401829                _open
                0x0000000000401852                _read
                0x00000000004018bc                _tell
                0x00000000004018e5                _umask
                0x0000000000401910                _write
                0x000000000040197a                _get_io_error
 .text          0x0000000000401990      0xb90 ./../IO/./out/lib/io.lib(scpdos.lib)
                0x0000000000401990                SetInterruptVector
                0x00000000004019a5                GetInterruptVector
                0x00000000004019bb                SetDiskVerifyState
                0x00000000004019c9                ClearDiskVerifyState
                0x00000000004019d7                GetDOSVersion
                0x00000000004019e5                GetCtrlBreakState
                0x00000000004019f6                SetCtrlBreakState
                0x0000000000401a09                __getErrorInformation
                0x0000000000401a3e                GetExtendedLastError
                0x0000000000401a9b                GetLastError
                0x0000000000401ad5                GetDefaultDiskDPBPointer
                0x0000000000401af6                GetDPBPointer
                0x0000000000401b24                SetCurrentProcessId
                0x0000000000401b3a                GetCurrentProcessId
                0x0000000000401b4d                GetPointerToDosSysVars
                0x0000000000401b60                GenerateDPB
                0x0000000000401b80                GeneratePartialPSP
                0x0000000000401b95                GenerateNewPSP
                0x0000000000401bb2                GetPtrToInDOSFlag
                0x0000000000401bc5                GetSwitchChar
                0x0000000000401bd6                SetSwitchChar
                0x0000000000401beb                __setDTA
                0x0000000000401c00                __getDTA
                0x0000000000401c13                ParseFileName
                0x0000000000401c3a                CreateDirectory
                0x0000000000401c59                DeleteDirectory
                0x0000000000401c78                ChangeCurrentDirectory
                0x0000000000401c97                CreateFile
                0x0000000000401cb7                OpenFile
                0x0000000000401ce7                CloseFile
                0x0000000000401d0a                ReadFile
                0x0000000000401d40                WriteFile
                0x0000000000401d76                DeleteFile
                0x0000000000401d98                SetFilePointer
                0x0000000000401db9                SetFilePointerL
                0x0000000000401de7                GetFileAttributes
                0x0000000000401e04                SetFileAttributes
                0x0000000000401e24                DuplicateHandle
                0x0000000000401e4c                ForceDuplicateHandle
                0x0000000000401e75                GetCurrentDirectory
                0x0000000000401ea0                __FindFirst
                0x0000000000401ecb                FindFirstFile
                0x0000000000401f19                __FindNext
                0x0000000000401f31                FindNextFile
                0x0000000000401f6c                FindClose
                0x0000000000401f7b                RenameFile
                0x0000000000401fa3                GetFileDateAndTime
                0x0000000000401fd5                SetFileDateAndTime
                0x0000000000401ffd                CreateTemporaryFile
                0x000000000040201d                CreateUniqueFile
                0x000000000040203d                GetFQFileName
                0x0000000000402067                FlushFile
                0x0000000000402086                ExecProcess
                0x00000000004020ae                LoadProcess
                0x00000000004020d6                LoadOverlay
                0x00000000004020fe                ExitProcess
                0x0000000000402113                ExitProcessAndStayResidentP
                0x000000000040212b                ExitProcessAndStayResidentB
                0x0000000000402139                GetExitCodeProcess
                0x0000000000402147                __AllocateMemory
                0x0000000000402162                __FreeMemory
                0x0000000000402181                __ReallocateMemory
                0x00000000004021a7                VirtualAllocate
                0x00000000004021c2                VirtualFree
                0x00000000004021dd                VirtualReallocate
                0x0000000000402203                PhysicalAllocate
                0x000000000040221e                PhysicalFree
                0x0000000000402239                PhysicalReallocate
                0x000000000040225f                GetMemoryAllocationStrategy
                0x000000000040226d                SetMemoryAllocationStrategy
                0x000000000040228d                GetChar
                0x000000000040229e                PutChar
                0x00000000004022b4                AuxInput
                0x00000000004022c5                AuxOutput
                0x00000000004022db                PrnOutput
                0x00000000004022f1                DirectConInAsync
                0x0000000000402316                DirectConOutAsync
                0x0000000000402331                DirectConIn
                0x0000000000402342                ConInput
                0x0000000000402353                __WriteString
                0x000000000040236f                WriteString
                0x00000000004023ce                __GetBufferedInput
                0x00000000004023e3                GetBufferedInput
                0x0000000000402421                GetConInputStatus
                0x0000000000402431                ClearInputBuffer
                0x000000000040243f                GetDate
                0x0000000000402474                SetDate
                0x000000000040249c                GetTime
                0x00000000004024d0                SetTime
                0x0000000000402508                GetCountryInformation
 .text          0x0000000000402520       0x10 ./../BREAK/./out/lib/bochs.lib
                0x0000000000402520                bochsBreak

.rdata          0x0000000000403000      0x400 load address 0x0000000000003000
 .rdata         0x0000000000403000      0x1c0 ./out/bin/main.obj
 .rdata$zzz     0x00000000004031c0       0x20 ./out/bin/main.obj
 .rdata$zzz     0x00000000004031e0       0x20 ./../IO/./out/lib/io.lib(io.o)
 .rdata$zzz     0x0000000000403200       0x20 ./../IO/./out/lib/io.lib(scpdos.lib)
 .rdata$zzz     0x0000000000403220       0x20 ./../BREAK/./out/lib/bochs.lib

.xdata          0x0000000000404000      0x600 load address 0x0000000000004000
 .xdata         0x0000000000404000       0x84 ./out/bin/main.obj
 .xdata         0x0000000000404084       0x9c ./../IO/./out/lib/io.lib(io.o)
 .xdata         0x0000000000404120      0x300 ./../IO/./out/lib/io.lib(scpdos.lib)
 .xdata         0x0000000000404420        0x8 ./../BREAK/./out/lib/bochs.lib

.pdata          0x0000000000405000      0x600 load address 0x0000000000005000
 .pdata         0x0000000000405000       0x84 ./out/bin/main.obj
 .pdata         0x0000000000405084       0x9c ./../IO/./out/lib/io.lib(io.o)
 .pdata         0x0000000000405120      0x438 ./../IO/./out/lib/io.lib(scpdos.lib)
 .pdata         0x0000000000405558        0xc ./../BREAK/./out/lib/bochs.lib

.data           0x0000000000405570      0x200 load address 0x0000000000005570
 *(.data)
 .data          0x0000000000405570       0x20 ./out/bin/main.obj
                0x0000000000405570                paramString
                0x0000000000405578                defPath1
                0x0000000000405580                defPath2
 .data          0x0000000000405590        0x0 ./../IO/./out/lib/io.lib(io.o)
 .data          0x0000000000405590        0x0 ./../IO/./out/lib/io.lib(scpdos.lib)
 .data          0x0000000000405590        0x0 ./../BREAK/./out/lib/bochs.lib

.drectve        0x0000000000406000      0x200 load address 0x0000000000006000
 .drectve       0x0000000000406000       0x6c ./out/bin/main.obj
 .drectve       0x000000000040606c       0x40 ./../IO/./out/lib/io.lib(io.o)

.reloc          0x0000000000407000      0x200 load address 0x0000000000007000
 .reloc         0x0000000000407000       0x1c dll stuff

.rodata
 *(.rodata)

.bss            0x0000000000407020      0x140 load address 0x0000000000007020
                0x0000000000407020                _BSS_START_ = .
 *(.bss)
 .bss           0x0000000000407020       0x10 ./out/bin/main.obj
                0x0000000000407020                switchFlags
 .bss           0x0000000000407030       0x10 ./../IO/./out/lib/io.lib(io.o)
                0x0000000000407030                umask
 .bss           0x0000000000407040       0x20 ./../IO/./out/lib/io.lib(scpdos.lib)
                0x0000000000407040                _env
                0x0000000000407048                _argc
                0x0000000000407050                _argv
 .bss           0x0000000000407060        0x0 ./../BREAK/./out/lib/bochs.lib
 *(COMMON)
 COMMON         0x0000000000407060      0x100 ./out/bin/main.obj
                0x0000000000407060                buffer2
                0x00000000004070e0                buffer1
 *(.bss*)
 *(.stack)
                0x0000000000407160                _BSS_END_ = .
LOAD ./out/bin/main.obj
LOAD ./../IO/./out/lib/io.lib
LOAD ./../BREAK/./out/lib/bochs.lib
OUTPUT(./out/bin/fc.exe pei-x86-64)
LOAD dll stuff
