Archive member included to satisfy reference by file (symbol)

./../IO/./out/lib/io.lib(io.o)
                              ./out/bin/main.obj (_close)
./../IO/./out/lib/io.lib(scpdos.lib)
                              ./../IO/./out/lib/io.lib(io.o) (GetLastError)

Memory Configuration

Name             Origin             Length             Attributes
*default*        0x0000000000000000 0xffffffffffffffff

Linker script and memory map

LOAD ./../CRT0/out/lib/crt0.lib
                0x0000000140000000                __image_base__ = 0x140000000
                0x0000000000000000                __dll__ = 0x0
                0x0000000140000000                __ImageBase = 0x140000000
                0x0000000000001000                __section_alignment__ = 0x1000
                0x0000000000000200                __file_alignment__ = 0x200
                0x0000000000000004                __major_os_version__ = 0x4
                0x0000000000000000                __minor_os_version__ = 0x0
                0x0000000000000000                __major_image_version__ = 0x0
                0x0000000000000000                __minor_image_version__ = 0x0
                0x0000000000000005                __major_subsystem_version__ = 0x5
                0x0000000000000002                __minor_subsystem_version__ = 0x2
                0x0000000000000003                __subsystem__ = 0x3
                0x0000000000200000                __size_of_stack_reserve__ = 0x200000
                0x0000000000001000                __size_of_stack_commit__ = 0x1000
                0x0000000000100000                __size_of_heap_reserve__ = 0x100000
                0x0000000000001000                __size_of_heap_commit__ = 0x1000
                0x0000000000000000                __loader_flags__ = 0x0
                0x0000000000000160                __dll_characteristics__ = 0x160
                0x0000000140001000                . = (__ImageBase + 0x1000)

.text           0x0000000140001000     0x1800 load address 0x0000000000001000
 *(.text)
 .text          0x0000000140001000      0x181 ./../CRT0/out/lib/crt0.lib
                0x0000000140001000                __start__
                0x000000014000115f                __main
 *fill*         0x0000000140001181        0xf 
 .text          0x0000000140001190      0x5a0 ./out/bin/main.obj
                0x0000000140001190                main
                0x000000014000147d                printErrorMsg
                0x0000000140001510                openFile
                0x0000000140001530                closeFile
                0x0000000140001549                readFile
                0x0000000140001577                writeFile
                0x00000001400015a5                writeCon
                0x00000001400015d8                scanChar
                0x000000014000161a                strlen
                0x000000014000164c                writeByteAtCursor
                0x00000001400016c3                writeDwordAtCursor
 .text          0x0000000140001730      0x330 ./../IO/./out/lib/io.lib(io.o)
                0x0000000140001730                _close
                0x000000014000174e                _commit
                0x000000014000176c                _creat
                0x0000000140001798                _dup
                0x00000001400017e4                _dup2
                0x0000000140001829                _eof
                0x00000001400018a5                _lseek
                0x00000001400018fc                _open
                0x0000000140001926                _read
                0x000000014000198c                _tell
                0x00000001400019b5                _umask
                0x00000001400019e0                _write
                0x0000000140001a46                _get_io_error
 .text          0x0000000140001a60      0xbb0 ./../IO/./out/lib/io.lib(scpdos.lib)
                0x0000000140001a60                SetInterruptVector
                0x0000000140001a75                GetInterruptVector
                0x0000000140001a8b                SetDiskVerifyState
                0x0000000140001a99                ClearDiskVerifyState
                0x0000000140001aa7                GetDOSVersion
                0x0000000140001ab5                GetCtrlBreakState
                0x0000000140001ac6                SetCtrlBreakState
                0x0000000140001ad9                __getErrorInformation
                0x0000000140001b0e                GetExtendedLastError
                0x0000000140001b6b                GetLastError
                0x0000000140001ba5                GetDefaultDiskDPBPointer
                0x0000000140001bc6                GetDPBPointer
                0x0000000140001bf4                SetCurrentProcessId
                0x0000000140001c0a                GetCurrentProcessId
                0x0000000140001c1d                GetPointerToDosSysVars
                0x0000000140001c30                GenerateDPB
                0x0000000140001c50                GeneratePartialPSP
                0x0000000140001c65                GenerateNewPSP
                0x0000000140001c82                GetPtrToInDOSFlag
                0x0000000140001c95                GetSwitchChar
                0x0000000140001ca6                SetSwitchChar
                0x0000000140001cbb                __setDTA
                0x0000000140001cd0                __getDTA
                0x0000000140001ce3                ParseFileName
                0x0000000140001d0a                CreateDirectory
                0x0000000140001d29                DeleteDirectory
                0x0000000140001d48                ChangeCurrentDirectory
                0x0000000140001d67                CreateFile
                0x0000000140001d87                OpenFile
                0x0000000140001db7                CloseFile
                0x0000000140001dda                ReadFile
                0x0000000140001e10                WriteFile
                0x0000000140001e46                DeleteFile
                0x0000000140001e68                SetFilePointer
                0x0000000140001e89                SetFilePointerL
                0x0000000140001eb7                GetFileAttributes
                0x0000000140001ed4                SetFileAttributes
                0x0000000140001ef4                DuplicateHandle
                0x0000000140001f1c                ForceDuplicateHandle
                0x0000000140001f45                GetCurrentDirectory
                0x0000000140001f70                __FindFirst
                0x0000000140001f9b                FindFirstFile
                0x0000000140001fea                __FindNext
                0x0000000140002002                FindNextFile
                0x0000000140002040                FindClose
                0x000000014000204f                RenameFile
                0x0000000140002077                GetFileDateAndTime
                0x00000001400020a9                SetFileDateAndTime
                0x00000001400020d1                CreateTemporaryFile
                0x00000001400020f1                CreateUniqueFile
                0x0000000140002111                GetFQFileName
                0x000000014000213b                FlushFile
                0x000000014000215a                ExecProcess
                0x0000000140002182                LoadProcess
                0x00000001400021aa                LoadOverlay
                0x00000001400021d2                ExitProcess
                0x00000001400021e7                ExitProcessAndStayResidentP
                0x00000001400021ff                ExitProcessAndStayResidentB
                0x000000014000220d                GetExitCodeProcess
                0x000000014000221b                __AllocateMemory
                0x0000000140002236                __FreeMemory
                0x0000000140002255                __ReallocateMemory
                0x000000014000227b                VirtualAllocate
                0x0000000140002299                VirtualFree
                0x00000001400022b7                VirtualReallocate
                0x00000001400022dd                PhysicalAllocate
                0x00000001400022fb                PhysicalFree
                0x0000000140002319                PhysicalReallocate
                0x000000014000233f                GetMemoryAllocationStrategy
                0x000000014000234d                SetMemoryAllocationStrategy
                0x000000014000236d                GetChar
                0x000000014000237e                PutChar
                0x0000000140002394                AuxInput
                0x00000001400023a5                AuxOutput
                0x00000001400023bb                PrnOutput
                0x00000001400023d1                DirectConInAsync
                0x00000001400023f6                DirectConOutAsync
                0x0000000140002411                DirectConIn
                0x0000000140002422                ConInput
                0x0000000140002433                __WriteString
                0x0000000140002451                WriteString
                0x00000001400024b1                __GetBufferedInput
                0x00000001400024c6                GetBufferedInput
                0x0000000140002507                GetConInputStatus
                0x0000000140002517                ClearInputBuffer
                0x0000000140002525                GetDate
                0x000000014000255a                SetDate
                0x0000000140002580                GetTime
                0x00000001400025b4                SetTime
                0x00000001400025ec                GetCountryInformation

.rdata          0x0000000140003000      0x200 load address 0x0000000000003000
 .rdata         0x0000000140003000      0x1a0 ./out/bin/main.obj
 .rdata$zzz     0x00000001400031a0       0x20 ./out/bin/main.obj
 .rdata$zzz     0x00000001400031c0       0x20 ./../IO/./out/lib/io.lib(io.o)
 .rdata$zzz     0x00000001400031e0       0x20 ./../IO/./out/lib/io.lib(scpdos.lib)

.xdata          0x0000000140004000      0x600 load address 0x0000000000004000
 .xdata         0x0000000140004000       0x84 ./out/bin/main.obj
 .xdata         0x0000000140004084       0x9c ./../IO/./out/lib/io.lib(io.o)
 .xdata         0x0000000140004120      0x300 ./../IO/./out/lib/io.lib(scpdos.lib)

.pdata          0x0000000140005000      0x600 load address 0x0000000000005000
 .pdata         0x0000000140005000       0x84 ./out/bin/main.obj
 .pdata         0x0000000140005084       0x9c ./../IO/./out/lib/io.lib(io.o)
 .pdata         0x0000000140005120      0x438 ./../IO/./out/lib/io.lib(scpdos.lib)

.data           0x0000000140005560      0x200 load address 0x0000000000005560
 *(.data)
 .data          0x0000000140005560       0x10 ./out/bin/main.obj
                0x0000000140005560                paramString
 .data          0x0000000140005570        0x0 ./../IO/./out/lib/io.lib(io.o)
 .data          0x0000000140005570        0x0 ./../IO/./out/lib/io.lib(scpdos.lib)

.reloc          0x0000000140006000      0x200 load address 0x0000000000006000
 .reloc         0x0000000140006000       0x18 dll stuff

.rodata
 *(.rodata)

.bss            0x0000000140006020      0x150 load address 0x0000000000006020
                0x0000000140006020                _BSS_START_ = .
 *(.bss)
 .bss           0x0000000140006020      0x120 ./out/bin/main.obj
                0x0000000140006020                switchFlags
                0x0000000140006040                buffer1
                0x00000001400060c0                buffer2
 .bss           0x0000000140006140       0x10 ./../IO/./out/lib/io.lib(io.o)
                0x0000000140006140                umask
 .bss           0x0000000140006150       0x20 ./../IO/./out/lib/io.lib(scpdos.lib)
                0x0000000140006150                _env
                0x0000000140006158                _argc
                0x0000000140006160                _argv
 *(COMMON)
 *(.bss*)
 *(.stack)
                0x0000000140006170                _BSS_END_ = .
LOAD ./out/bin/main.obj
LOAD ./../IO/./out/lib/io.lib
OUTPUT(./out/bin/fc.exe pei-x86-64)
LOAD dll stuff
