
Memory Configuration

Name             Origin             Length             Attributes
*default*        0x0000000000000000 0xffffffffffffffff

Linker script and memory map

LOAD ./../CRT0/out/lib/crt0.lib
                0x0000000140000000                __image_base__ = 0x140000000
                0x0000000000000000                __dll__ = 0x0
                0x0000000140000000                __ImageBase = 0x140000000
                0x0000000000001000                __section_alignment__ = 0x1000
                0x0000000000000200                __file_alignment__ = 0x200
                0x0000000000000004                __major_os_version__ = 0x4
                0x0000000000000000                __minor_os_version__ = 0x0
                0x0000000000000000                __major_image_version__ = 0x0
                0x0000000000000000                __minor_image_version__ = 0x0
                0x0000000000000005                __major_subsystem_version__ = 0x5
                0x0000000000000002                __minor_subsystem_version__ = 0x2
                0x0000000000000003                __subsystem__ = 0x3
                0x0000000000200000                __size_of_stack_reserve__ = 0x200000
                0x0000000000001000                __size_of_stack_commit__ = 0x1000
                0x0000000000100000                __size_of_heap_reserve__ = 0x100000
                0x0000000000001000                __size_of_heap_commit__ = 0x1000
                0x0000000000000000                __loader_flags__ = 0x0
                0x0000000000000160                __dll_characteristics__ = 0x160
                0x0000000140001000                . = (__ImageBase + 0x1000)

.text           0x0000000140001000      0xe00 load address 0x0000000000001000
 *(.text)
 .text          0x0000000140001000      0x181 ./../CRT0/out/lib/crt0.lib
                0x0000000140001000                __start__
                0x000000014000115f                __main
 *fill*         0x0000000140001181        0xf 
 .text          0x0000000140001190       0x40 ./out/bin/main.obj
                0x0000000140001190                main
 .text          0x00000001400011d0      0xbb0 ./../DOSCRT/./out/lib/scpdos.lib
                0x00000001400011d0                SetInterruptVector
                0x00000001400011e5                GetInterruptVector
                0x00000001400011fb                SetDiskVerifyState
                0x0000000140001209                ClearDiskVerifyState
                0x0000000140001217                GetDOSVersion
                0x0000000140001225                GetCtrlBreakState
                0x0000000140001236                SetCtrlBreakState
                0x0000000140001249                __getErrorInformation
                0x000000014000127e                GetExtendedLastError
                0x00000001400012db                GetLastError
                0x0000000140001315                GetDefaultDiskDPBPointer
                0x0000000140001336                GetDPBPointer
                0x0000000140001364                SetCurrentProcessId
                0x000000014000137a                GetCurrentProcessId
                0x000000014000138d                GetPointerToDosSysVars
                0x00000001400013a0                GenerateDPB
                0x00000001400013c0                GeneratePartialPSP
                0x00000001400013d5                GenerateNewPSP
                0x00000001400013f2                GetPtrToInDOSFlag
                0x0000000140001405                GetSwitchChar
                0x0000000140001416                SetSwitchChar
                0x000000014000142b                __setDTA
                0x0000000140001440                __getDTA
                0x0000000140001453                ParseFileName
                0x000000014000147a                CreateDirectory
                0x0000000140001499                DeleteDirectory
                0x00000001400014b8                ChangeCurrentDirectory
                0x00000001400014d7                CreateFile
                0x00000001400014f7                OpenFile
                0x0000000140001527                CloseFile
                0x000000014000154a                ReadFile
                0x0000000140001580                WriteFile
                0x00000001400015b6                DeleteFile
                0x00000001400015d8                SetFilePointer
                0x00000001400015f9                SetFilePointerL
                0x0000000140001627                GetFileAttributes
                0x0000000140001644                SetFileAttributes
                0x0000000140001664                DuplicateHandle
                0x000000014000168c                ForceDuplicateHandle
                0x00000001400016b5                GetCurrentDirectory
                0x00000001400016e0                __FindFirst
                0x000000014000170b                FindFirstFile
                0x000000014000175a                __FindNext
                0x0000000140001772                FindNextFile
                0x00000001400017b0                FindClose
                0x00000001400017bf                RenameFile
                0x00000001400017e7                GetFileDateAndTime
                0x0000000140001819                SetFileDateAndTime
                0x0000000140001841                CreateTemporaryFile
                0x0000000140001861                CreateUniqueFile
                0x0000000140001881                GetFQFileName
                0x00000001400018ab                FlushFile
                0x00000001400018ca                ExecProcess
                0x00000001400018f2                LoadProcess
                0x000000014000191a                LoadOverlay
                0x0000000140001942                ExitProcess
                0x0000000140001957                ExitProcessAndStayResidentP
                0x000000014000196f                ExitProcessAndStayResidentB
                0x000000014000197d                GetExitCodeProcess
                0x000000014000198b                __AllocateMemory
                0x00000001400019a6                __FreeMemory
                0x00000001400019c5                __ReallocateMemory
                0x00000001400019eb                VirtualAllocate
                0x0000000140001a09                VirtualFree
                0x0000000140001a27                VirtualReallocate
                0x0000000140001a4d                PhysicalAllocate
                0x0000000140001a6b                PhysicalFree
                0x0000000140001a89                PhysicalReallocate
                0x0000000140001aaf                GetMemoryAllocationStrategy
                0x0000000140001abd                SetMemoryAllocationStrategy
                0x0000000140001add                GetChar
                0x0000000140001aee                PutChar
                0x0000000140001b04                AuxInput
                0x0000000140001b15                AuxOutput
                0x0000000140001b2b                PrnOutput
                0x0000000140001b41                DirectConInAsync
                0x0000000140001b66                DirectConOutAsync
                0x0000000140001b81                DirectConIn
                0x0000000140001b92                ConInput
                0x0000000140001ba3                __WriteString
                0x0000000140001bc1                WriteString
                0x0000000140001c21                __GetBufferedInput
                0x0000000140001c36                GetBufferedInput
                0x0000000140001c77                GetConInputStatus
                0x0000000140001c87                ClearInputBuffer
                0x0000000140001c95                GetDate
                0x0000000140001cca                SetDate
                0x0000000140001cf0                GetTime
                0x0000000140001d24                SetTime
                0x0000000140001d5c                GetCountryInformation

.rdata          0x0000000140002000      0x200 load address 0x0000000000002000
 .rdata         0x0000000140002000       0x10 ./out/bin/main.obj
 .rdata$zzz     0x0000000140002010       0x20 ./out/bin/main.obj
 .rdata$zzz     0x0000000140002030       0x20 ./../DOSCRT/./out/lib/scpdos.lib

.xdata          0x0000000140003000      0x400 load address 0x0000000000003000
 .xdata         0x0000000140003000        0xc ./out/bin/main.obj
 .xdata         0x000000014000300c      0x300 ./../DOSCRT/./out/lib/scpdos.lib

.pdata          0x0000000140004000      0x600 load address 0x0000000000004000
 .pdata         0x0000000140004000        0xc ./out/bin/main.obj
 .pdata         0x000000014000400c      0x438 ./../DOSCRT/./out/lib/scpdos.lib

.data           0x0000000140004450        0x0 load address 0x0000000000004450
 *(.data)
 .data          0x0000000140004450        0x0 ./out/bin/main.obj
 .data          0x0000000140004450        0x0 ./../DOSCRT/./out/lib/scpdos.lib

.reloc          0x0000000140005000      0x200 load address 0x0000000000005000
 .reloc         0x0000000140005000        0xc dll stuff

.rodata
 *(.rodata)

.bss            0x0000000140005010       0x20 load address 0x0000000000005010
                0x0000000140005010                _BSS_START_ = .
 *(.bss)
 .bss           0x0000000140005010        0x0 ./out/bin/main.obj
 .bss           0x0000000140005010       0x20 ./../DOSCRT/./out/lib/scpdos.lib
                0x0000000140005010                _env
                0x0000000140005018                _argc
                0x0000000140005020                _argv
 *(COMMON)
 *(.bss*)
 *(.stack)
                0x0000000140005030                _BSS_END_ = .
LOAD ./out/bin/main.obj
LOAD ./../DOSCRT/./out/lib/scpdos.lib
OUTPUT(./out/bin/a.exe pei-x86-64)
LOAD dll stuff
