
Memory Configuration

Name             Origin             Length             Attributes
*default*        0x0000000000000000 0xffffffffffffffff

Linker script and memory map

LOAD ./../CRT0/out/lib/crt0.lib
                0x0000000140000000                __image_base__ = 0x140000000
                0x0000000000000000                __dll__ = 0x0
                0x0000000140000000                __ImageBase = 0x140000000
                0x0000000000001000                __section_alignment__ = 0x1000
                0x0000000000000200                __file_alignment__ = 0x200
                0x0000000000000004                __major_os_version__ = 0x4
                0x0000000000000000                __minor_os_version__ = 0x0
                0x0000000000000000                __major_image_version__ = 0x0
                0x0000000000000000                __minor_image_version__ = 0x0
                0x0000000000000005                __major_subsystem_version__ = 0x5
                0x0000000000000002                __minor_subsystem_version__ = 0x2
                0x0000000000000003                __subsystem__ = 0x3
                0x0000000000200000                __size_of_stack_reserve__ = 0x200000
                0x0000000000001000                __size_of_stack_commit__ = 0x1000
                0x0000000000100000                __size_of_heap_reserve__ = 0x100000
                0x0000000000001000                __size_of_heap_commit__ = 0x1000
                0x0000000000000000                __loader_flags__ = 0x0
                0x0000000000000160                __dll_characteristics__ = 0x160
                0x0000000140001000                . = (__ImageBase + 0x1000)

.text           0x0000000140001000      0xe00 load address 0x0000000000001000
 *(.text)
 .text          0x0000000140001000      0x1ba ./../CRT0/out/lib/crt0.lib
                0x0000000140001000                __start__
                0x000000014000118a                __main
 *fill*         0x00000001400011ba        0x6 
 .text          0x00000001400011c0       0x40 ./out/bin/main.obj
                0x00000001400011c0                main
 .text          0x0000000140001200      0xb90 ./../DOSCRT/./out/lib/scpdos.lib
                0x0000000140001200                SetInterruptVector
                0x0000000140001215                GetInterruptVector
                0x000000014000122b                SetDiskVerifyState
                0x0000000140001239                ClearDiskVerifyState
                0x0000000140001247                GetDOSVersion
                0x0000000140001255                GetCtrlBreakState
                0x0000000140001266                SetCtrlBreakState
                0x0000000140001279                __getErrorInformation
                0x00000001400012ae                GetExtendedLastError
                0x000000014000130b                GetLastError
                0x0000000140001345                GetDefaultDiskDPBPointer
                0x0000000140001366                GetDPBPointer
                0x0000000140001394                SetCurrentProcessId
                0x00000001400013aa                GetCurrentProcessId
                0x00000001400013bd                GetPointerToDosSysVars
                0x00000001400013d0                GenerateDPB
                0x00000001400013f0                GeneratePartialPSP
                0x0000000140001405                GenerateNewPSP
                0x0000000140001422                GetPtrToInDOSFlag
                0x0000000140001435                GetSwitchChar
                0x0000000140001446                SetSwitchChar
                0x000000014000145b                __setDTA
                0x0000000140001470                __getDTA
                0x0000000140001483                ParseFileName
                0x00000001400014aa                CreateDirectory
                0x00000001400014c9                DeleteDirectory
                0x00000001400014e8                ChangeCurrentDirectory
                0x0000000140001507                CreateFile
                0x0000000140001527                OpenFile
                0x0000000140001557                CloseFile
                0x000000014000157a                ReadFile
                0x00000001400015b0                WriteFile
                0x00000001400015e6                DeleteFile
                0x0000000140001608                SetFilePointer
                0x0000000140001629                SetFilePointerL
                0x0000000140001657                GetFileAttributes
                0x0000000140001674                SetFileAttributes
                0x0000000140001694                DuplicateHandle
                0x00000001400016bc                ForceDuplicateHandle
                0x00000001400016e5                GetCurrentDirectory
                0x0000000140001710                __FindFirst
                0x000000014000173b                FindFirstFile
                0x0000000140001789                __FindNext
                0x00000001400017a1                FindNextFile
                0x00000001400017dc                FindClose
                0x00000001400017eb                RenameFile
                0x0000000140001813                GetFileDateAndTime
                0x0000000140001845                SetFileDateAndTime
                0x000000014000186d                CreateTemporaryFile
                0x000000014000188d                CreateUniqueFile
                0x00000001400018ad                GetFQFileName
                0x00000001400018d7                FlushFile
                0x00000001400018f6                ExecProcess
                0x000000014000191e                LoadProcess
                0x0000000140001946                LoadOverlay
                0x000000014000196e                ExitProcess
                0x0000000140001983                ExitProcessAndStayResidentP
                0x000000014000199b                ExitProcessAndStayResidentB
                0x00000001400019a9                GetExitCodeProcess
                0x00000001400019b7                __AllocateMemory
                0x00000001400019d2                __FreeMemory
                0x00000001400019f1                __ReallocateMemory
                0x0000000140001a17                VirtualAllocate
                0x0000000140001a32                VirtualFree
                0x0000000140001a4d                VirtualReallocate
                0x0000000140001a73                PhysicalAllocate
                0x0000000140001a8e                PhysicalFree
                0x0000000140001aa9                PhysicalReallocate
                0x0000000140001acf                GetMemoryAllocationStrategy
                0x0000000140001add                SetMemoryAllocationStrategy
                0x0000000140001afd                GetChar
                0x0000000140001b0e                PutChar
                0x0000000140001b24                AuxInput
                0x0000000140001b35                AuxOutput
                0x0000000140001b4b                PrnOutput
                0x0000000140001b61                DirectConInAsync
                0x0000000140001b86                DirectConOutAsync
                0x0000000140001ba1                DirectConIn
                0x0000000140001bb2                ConInput
                0x0000000140001bc3                __WriteString
                0x0000000140001be1                WriteString
                0x0000000140001c40                __GetBufferedInput
                0x0000000140001c55                GetBufferedInput
                0x0000000140001c93                GetConInputStatus
                0x0000000140001ca3                ClearInputBuffer
                0x0000000140001cb1                GetDate
                0x0000000140001ce6                SetDate
                0x0000000140001d0e                GetTime
                0x0000000140001d42                SetTime
                0x0000000140001d7a                GetCountryInformation

.rdata          0x0000000140002000      0x200 load address 0x0000000000002000
 .rdata         0x0000000140002000       0x10 ./out/bin/main.obj
 .rdata$zzz     0x0000000140002010       0x20 ./out/bin/main.obj
 .rdata$zzz     0x0000000140002030       0x20 ./../DOSCRT/./out/lib/scpdos.lib

.xdata          0x0000000140003000      0x400 load address 0x0000000000003000
 .xdata         0x0000000140003000        0xc ./out/bin/main.obj
 .xdata         0x000000014000300c      0x300 ./../DOSCRT/./out/lib/scpdos.lib

.pdata          0x0000000140004000      0x600 load address 0x0000000000004000
 .pdata         0x0000000140004000        0xc ./out/bin/main.obj
 .pdata         0x000000014000400c      0x438 ./../DOSCRT/./out/lib/scpdos.lib

.data           0x0000000140004450        0x0 load address 0x0000000000004450
 *(.data)
 .data          0x0000000140004450        0x0 ./out/bin/main.obj
 .data          0x0000000140004450        0x0 ./../DOSCRT/./out/lib/scpdos.lib

.reloc          0x0000000140005000      0x200 load address 0x0000000000005000
 .reloc         0x0000000140005000        0xc dll stuff

.rodata
 *(.rodata)

.bss            0x0000000140005010       0x20 load address 0x0000000000005010
                0x0000000140005010                _BSS_START_ = .
 *(.bss)
 .bss           0x0000000140005010        0x0 ./out/bin/main.obj
 .bss           0x0000000140005010       0x20 ./../DOSCRT/./out/lib/scpdos.lib
                0x0000000140005010                _env
                0x0000000140005018                _argc
                0x0000000140005020                _argv
 *(COMMON)
 *(.bss*)
 *(.stack)
                0x0000000140005030                _BSS_END_ = .
LOAD ./out/bin/main.obj
LOAD ./../DOSCRT/./out/lib/scpdos.lib
OUTPUT(./out/bin/a.exe pei-x86-64)
LOAD dll stuff
