
Memory Configuration

Name             Origin             Length             Attributes
*default*        0x0000000000000000 0xffffffffffffffff

Linker script and memory map

LOAD ./../CRT0/out/lib/crt0.lib
                0x0000000140000000                __image_base__ = 0x140000000
                0x0000000000000000                __dll__ = 0x0
                0x0000000140000000                __ImageBase = 0x140000000
                0x0000000000001000                __section_alignment__ = 0x1000
                0x0000000000000200                __file_alignment__ = 0x200
                0x0000000000000004                __major_os_version__ = 0x4
                0x0000000000000000                __minor_os_version__ = 0x0
                0x0000000000000000                __major_image_version__ = 0x0
                0x0000000000000000                __minor_image_version__ = 0x0
                0x0000000000000005                __major_subsystem_version__ = 0x5
                0x0000000000000002                __minor_subsystem_version__ = 0x2
                0x0000000000000003                __subsystem__ = 0x3
                0x0000000000200000                __size_of_stack_reserve__ = 0x200000
                0x0000000000001000                __size_of_stack_commit__ = 0x1000
                0x0000000000100000                __size_of_heap_reserve__ = 0x100000
                0x0000000000001000                __size_of_heap_commit__ = 0x1000
                0x0000000000000000                __loader_flags__ = 0x0
                0x0000000000000160                __dll_characteristics__ = 0x160
                0x0000000140001000                . = (__ImageBase + 0x1000)

.text           0x0000000140001000      0xe00 load address 0x0000000000001000
 *(.text)
 .text          0x0000000140001000      0x150 ./../CRT0/out/lib/crt0.lib
                0x0000000140001000                __start__
                0x000000014000114f                __main
 .text          0x0000000140001150       0x40 ./out/bin/main.obj
                0x0000000140001150                main
 .text          0x0000000140001190      0xb90 ./../DOSCRT/./out/lib/scpdos.lib
                0x0000000140001190                SetInterruptVector
                0x00000001400011a5                GetInterruptVector
                0x00000001400011bb                SetDiskVerifyState
                0x00000001400011c9                ClearDiskVerifyState
                0x00000001400011d7                GetDOSVersion
                0x00000001400011e5                GetCtrlBreakState
                0x00000001400011f6                SetCtrlBreakState
                0x0000000140001209                __getErrorInformation
                0x000000014000123e                GetExtendedLastError
                0x000000014000129b                GetLastError
                0x00000001400012d5                GetDefaultDiskDPBPointer
                0x00000001400012f6                GetDPBPointer
                0x0000000140001324                SetCurrentProcessId
                0x000000014000133a                GetCurrentProcessId
                0x000000014000134d                GetPointerToDosSysVars
                0x0000000140001360                GenerateDPB
                0x0000000140001380                GeneratePartialPSP
                0x0000000140001395                GenerateNewPSP
                0x00000001400013b2                GetPtrToInDOSFlag
                0x00000001400013c5                GetSwitchChar
                0x00000001400013d6                SetSwitchChar
                0x00000001400013eb                __setDTA
                0x0000000140001400                __getDTA
                0x0000000140001413                ParseFileName
                0x000000014000143a                CreateDirectory
                0x0000000140001459                DeleteDirectory
                0x0000000140001478                ChangeCurrentDirectory
                0x0000000140001497                CreateFile
                0x00000001400014b7                OpenFile
                0x00000001400014e7                CloseFile
                0x000000014000150a                ReadFile
                0x0000000140001540                WriteFile
                0x0000000140001576                DeleteFile
                0x0000000140001598                SetFilePointer
                0x00000001400015b9                SetFilePointerL
                0x00000001400015e7                GetFileAttributes
                0x0000000140001604                SetFileAttributes
                0x0000000140001624                DuplicateHandle
                0x000000014000164c                ForceDuplicateHandle
                0x0000000140001675                GetCurrentDirectory
                0x00000001400016a0                __FindFirst
                0x00000001400016cb                FindFirstFile
                0x0000000140001719                __FindNext
                0x0000000140001731                FindNextFile
                0x000000014000176c                FindClose
                0x000000014000177b                RenameFile
                0x00000001400017a3                GetFileDateAndTime
                0x00000001400017d5                SetFileDateAndTime
                0x00000001400017fd                CreateTemporaryFile
                0x000000014000181d                CreateUniqueFile
                0x000000014000183d                GetFQFileName
                0x0000000140001867                FlushFile
                0x0000000140001886                ExecProcess
                0x00000001400018ae                LoadProcess
                0x00000001400018d6                LoadOverlay
                0x00000001400018fe                ExitProcess
                0x0000000140001913                ExitProcessAndStayResidentP
                0x000000014000192b                ExitProcessAndStayResidentB
                0x0000000140001939                GetExitCodeProcess
                0x0000000140001947                __AllocateMemory
                0x0000000140001962                __FreeMemory
                0x0000000140001981                __ReallocateMemory
                0x00000001400019a7                VirtualAllocate
                0x00000001400019c2                VirtualFree
                0x00000001400019dd                VirtualReallocate
                0x0000000140001a03                PhysicalAllocate
                0x0000000140001a1e                PhysicalFree
                0x0000000140001a39                PhysicalReallocate
                0x0000000140001a5f                GetMemoryAllocationStrategy
                0x0000000140001a6d                SetMemoryAllocationStrategy
                0x0000000140001a8d                GetChar
                0x0000000140001a9e                PutChar
                0x0000000140001ab4                AuxInput
                0x0000000140001ac5                AuxOutput
                0x0000000140001adb                PrnOutput
                0x0000000140001af1                DirectConInAsync
                0x0000000140001b16                DirectConOutAsync
                0x0000000140001b31                DirectConIn
                0x0000000140001b42                ConInput
                0x0000000140001b53                __WriteString
                0x0000000140001b71                WriteString
                0x0000000140001bd0                __GetBufferedInput
                0x0000000140001be5                GetBufferedInput
                0x0000000140001c23                GetConInputStatus
                0x0000000140001c33                ClearInputBuffer
                0x0000000140001c41                GetDate
                0x0000000140001c76                SetDate
                0x0000000140001c9e                GetTime
                0x0000000140001cd2                SetTime
                0x0000000140001d0a                GetCountryInformation

.rdata          0x0000000140002000      0x200 load address 0x0000000000002000
 .rdata         0x0000000140002000       0x10 ./out/bin/main.obj
 .rdata$zzz     0x0000000140002010       0x20 ./out/bin/main.obj
 .rdata$zzz     0x0000000140002030       0x20 ./../DOSCRT/./out/lib/scpdos.lib

.xdata          0x0000000140003000      0x400 load address 0x0000000000003000
 .xdata         0x0000000140003000        0xc ./out/bin/main.obj
 .xdata         0x000000014000300c      0x300 ./../DOSCRT/./out/lib/scpdos.lib

.pdata          0x0000000140004000      0x600 load address 0x0000000000004000
 .pdata         0x0000000140004000        0xc ./out/bin/main.obj
 .pdata         0x000000014000400c      0x438 ./../DOSCRT/./out/lib/scpdos.lib

.data           0x0000000140004450        0x0 load address 0x0000000000004450
 *(.data)
 .data          0x0000000140004450        0x0 ./out/bin/main.obj
 .data          0x0000000140004450        0x0 ./../DOSCRT/./out/lib/scpdos.lib

.reloc          0x0000000140005000      0x200 load address 0x0000000000005000
 .reloc         0x0000000140005000        0xc dll stuff

.rodata
 *(.rodata)

.bss            0x0000000140005010       0x20 load address 0x0000000000005010
                0x0000000140005010                _BSS_START_ = .
 *(.bss)
 .bss           0x0000000140005010        0x0 ./out/bin/main.obj
 .bss           0x0000000140005010       0x20 ./../DOSCRT/./out/lib/scpdos.lib
                0x0000000140005010                _env
                0x0000000140005018                _argc
                0x0000000140005020                _argv
 *(COMMON)
 *(.bss*)
 *(.stack)
                0x0000000140005030                _BSS_END_ = .
LOAD ./out/bin/main.obj
LOAD ./../DOSCRT/./out/lib/scpdos.lib
OUTPUT(./out/bin/a.exe pei-x86-64)
LOAD dll stuff
