
Memory Configuration

Name             Origin             Length             Attributes
*default*        0x0000000000000000 0xffffffffffffffff

Linker script and memory map

LOAD ./../CRT0/out/lib/crt0.lib
                0x0000000000400000                __image_base__ = 0x400000
                0x0000000000000000                __dll__ = 0x0
                0x0000000000400000                __ImageBase = 0x400000
                0x0000000000001000                __section_alignment__ = 0x1000
                0x0000000000000200                __file_alignment__ = 0x200
                0x0000000000000004                __major_os_version__ = 0x4
                0x0000000000000000                __minor_os_version__ = 0x0
                0x0000000000000000                __major_image_version__ = 0x0
                0x0000000000000000                __minor_image_version__ = 0x0
                0x0000000000000005                __major_subsystem_version__ = 0x5
                0x0000000000000002                __minor_subsystem_version__ = 0x2
                0x0000000000000003                __subsystem__ = 0x3
                0x0000000000200000                __size_of_stack_reserve__ = 0x200000
                0x0000000000001000                __size_of_stack_commit__ = 0x1000
                0x0000000000100000                __size_of_heap_reserve__ = 0x100000
                0x0000000000001000                __size_of_heap_commit__ = 0x1000
                0x0000000000000000                __loader_flags__ = 0x0
                0x0000000000000000                __dll_characteristics__ = 0x0
                0x0000000000401000                . = (__ImageBase + 0x1000)

.text           0x0000000000401000      0xe00 load address 0x0000000000001000
 *(.text)
 .text          0x0000000000401000      0x133 ./../CRT0/out/lib/crt0.lib
                0x0000000000401000                __start__
                0x0000000000401132                __main
 *fill*         0x0000000000401133        0xd 
 .text          0x0000000000401140       0x40 ./out/bin/main.obj
                0x0000000000401140                main
 .text          0x0000000000401180      0xb90 ./../DOSCRT/./out/lib/scpdos.lib
                0x0000000000401180                SetInterruptVector
                0x0000000000401195                GetInterruptVector
                0x00000000004011ab                SetDiskVerifyState
                0x00000000004011b9                ClearDiskVerifyState
                0x00000000004011c7                GetDOSVersion
                0x00000000004011d5                GetCtrlBreakState
                0x00000000004011e6                SetCtrlBreakState
                0x00000000004011f9                __getErrorInformation
                0x000000000040122e                GetExtendedLastError
                0x000000000040128b                GetLastError
                0x00000000004012c5                GetDefaultDiskDPBPointer
                0x00000000004012e6                GetDPBPointer
                0x0000000000401314                SetCurrentProcessId
                0x000000000040132a                GetCurrentProcessId
                0x000000000040133d                GetPointerToDosSysVars
                0x0000000000401350                GenerateDPB
                0x0000000000401370                GeneratePartialPSP
                0x0000000000401385                GenerateNewPSP
                0x00000000004013a2                GetPtrToInDOSFlag
                0x00000000004013b5                GetSwitchChar
                0x00000000004013c6                SetSwitchChar
                0x00000000004013db                __setDTA
                0x00000000004013f0                __getDTA
                0x0000000000401403                ParseFileName
                0x000000000040142a                CreateDirectory
                0x0000000000401449                DeleteDirectory
                0x0000000000401468                ChangeCurrentDirectory
                0x0000000000401487                CreateFile
                0x00000000004014a7                OpenFile
                0x00000000004014d7                CloseFile
                0x00000000004014fa                ReadFile
                0x0000000000401530                WriteFile
                0x0000000000401566                DeleteFile
                0x0000000000401588                SetFilePointer
                0x00000000004015a9                SetFilePointerL
                0x00000000004015d7                GetFileAttributes
                0x00000000004015f4                SetFileAttributes
                0x0000000000401614                DuplicateHandle
                0x000000000040163c                ForceDuplicateHandle
                0x0000000000401665                GetCurrentDirectory
                0x0000000000401690                __FindFirst
                0x00000000004016bb                FindFirstFile
                0x0000000000401709                __FindNext
                0x0000000000401721                FindNextFile
                0x000000000040175c                FindClose
                0x000000000040176b                RenameFile
                0x0000000000401793                GetFileDateAndTime
                0x00000000004017c5                SetFileDateAndTime
                0x00000000004017ed                CreateTemporaryFile
                0x000000000040180d                CreateUniqueFile
                0x000000000040182d                GetFQFileName
                0x0000000000401857                FlushFile
                0x0000000000401876                ExecProcess
                0x000000000040189e                LoadProcess
                0x00000000004018c6                LoadOverlay
                0x00000000004018ee                ExitProcess
                0x0000000000401903                ExitProcessAndStayResidentP
                0x000000000040191b                ExitProcessAndStayResidentB
                0x0000000000401929                GetExitCodeProcess
                0x0000000000401937                __AllocateMemory
                0x0000000000401952                __FreeMemory
                0x0000000000401971                __ReallocateMemory
                0x0000000000401997                VirtualAllocate
                0x00000000004019b2                VirtualFree
                0x00000000004019cd                VirtualReallocate
                0x00000000004019f3                PhysicalAllocate
                0x0000000000401a0e                PhysicalFree
                0x0000000000401a29                PhysicalReallocate
                0x0000000000401a4f                GetMemoryAllocationStrategy
                0x0000000000401a5d                SetMemoryAllocationStrategy
                0x0000000000401a7d                GetChar
                0x0000000000401a8e                PutChar
                0x0000000000401aa4                AuxInput
                0x0000000000401ab5                AuxOutput
                0x0000000000401acb                PrnOutput
                0x0000000000401ae1                DirectConInAsync
                0x0000000000401b06                DirectConOutAsync
                0x0000000000401b21                DirectConIn
                0x0000000000401b32                ConInput
                0x0000000000401b43                __WriteString
                0x0000000000401b61                WriteString
                0x0000000000401bc0                __GetBufferedInput
                0x0000000000401bd5                GetBufferedInput
                0x0000000000401c13                GetConInputStatus
                0x0000000000401c23                ClearInputBuffer
                0x0000000000401c31                GetDate
                0x0000000000401c66                SetDate
                0x0000000000401c8e                GetTime
                0x0000000000401cc2                SetTime
                0x0000000000401cfa                GetCountryInformation

.rdata          0x0000000000402000      0x200 load address 0x0000000000002000
 .rdata         0x0000000000402000       0x10 ./out/bin/main.obj
 .rdata$zzz     0x0000000000402010       0x20 ./out/bin/main.obj
 .rdata$zzz     0x0000000000402030       0x20 ./../DOSCRT/./out/lib/scpdos.lib

.xdata          0x0000000000403000      0x400 load address 0x0000000000003000
 .xdata         0x0000000000403000        0xc ./out/bin/main.obj
 .xdata         0x000000000040300c      0x300 ./../DOSCRT/./out/lib/scpdos.lib

.pdata          0x0000000000404000      0x600 load address 0x0000000000004000
 .pdata         0x0000000000404000        0xc ./out/bin/main.obj
 .pdata         0x000000000040400c      0x438 ./../DOSCRT/./out/lib/scpdos.lib

.data           0x0000000000404450        0x0 load address 0x0000000000004450
 *(.data)
 .data          0x0000000000404450        0x0 ./out/bin/main.obj
 .data          0x0000000000404450        0x0 ./../DOSCRT/./out/lib/scpdos.lib

.reloc          0x0000000000405000      0x200 load address 0x0000000000005000
 .reloc         0x0000000000405000        0xc dll stuff

.rodata
 *(.rodata)

.bss            0x0000000000405010       0x20 load address 0x0000000000005010
                0x0000000000405010                _BSS_START_ = .
 *(.bss)
 .bss           0x0000000000405010        0x0 ./out/bin/main.obj
 .bss           0x0000000000405010       0x20 ./../DOSCRT/./out/lib/scpdos.lib
                0x0000000000405010                _env
                0x0000000000405018                _argc
                0x0000000000405020                _argv
 *(COMMON)
 *(.bss*)
 *(.stack)
                0x0000000000405030                _BSS_END_ = .
LOAD ./out/bin/main.obj
LOAD ./../DOSCRT/./out/lib/scpdos.lib
OUTPUT(./out/bin/a.exe pei-x86-64)
LOAD dll stuff
