
Discarded input sections

 .reloc         0x0000000000000000        0x0 dll stuff

Memory Configuration

Name             Origin             Length             Attributes
*default*        0x0000000000000000 0xffffffffffffffff

Linker script and memory map

LOAD ./../CRT0/out/lib/crt0.lib
                0x0000000140000000                __image_base__ = 0x140000000
                0x0000000000000000                __dll__ = 0x0
                0x0000000140000000                __ImageBase = 0x140000000
                0x0000000000001000                __section_alignment__ = 0x1000
                0x0000000000000200                __file_alignment__ = 0x200
                0x0000000000000004                __major_os_version__ = 0x4
                0x0000000000000000                __minor_os_version__ = 0x0
                0x0000000000000000                __major_image_version__ = 0x0
                0x0000000000000000                __minor_image_version__ = 0x0
                0x0000000000000005                __major_subsystem_version__ = 0x5
                0x0000000000000002                __minor_subsystem_version__ = 0x2
                0x0000000000000003                __subsystem__ = 0x3
                0x0000000000200000                __size_of_stack_reserve__ = 0x200000
                0x0000000000001000                __size_of_stack_commit__ = 0x1000
                0x0000000000100000                __size_of_heap_reserve__ = 0x100000
                0x0000000000001000                __size_of_heap_commit__ = 0x1000
                0x0000000000000000                __loader_flags__ = 0x0
                0x0000000000000160                __dll_characteristics__ = 0x160
                0x0000000140001000                . = (__ImageBase + 0x1000)

.text           0x0000000140001000      0xe00 load address 0x0000000000001000
 *(.text)
 .text          0x0000000140001000      0x19f ./../CRT0/out/lib/crt0.lib
                0x0000000140001000                __start__
                0x000000014000116f                __main
 *fill*         0x000000014000119f        0x1 
 .text          0x00000001400011a0       0x40 ./out/bin/main.obj
                0x00000001400011a0                main
 .text          0x00000001400011e0      0xb90 ./../DOSCRT/./out/lib/scpdos.lib
                0x00000001400011e0                SetInterruptVector
                0x00000001400011f5                GetInterruptVector
                0x000000014000120b                SetDiskVerifyState
                0x0000000140001219                ClearDiskVerifyState
                0x0000000140001227                GetDOSVersion
                0x0000000140001235                GetCtrlBreakState
                0x0000000140001246                SetCtrlBreakState
                0x0000000140001259                __getErrorInformation
                0x000000014000128e                GetExtendedLastError
                0x00000001400012eb                GetLastError
                0x0000000140001325                GetDefaultDiskDPBPointer
                0x0000000140001346                GetDPBPointer
                0x0000000140001374                SetCurrentProcessId
                0x000000014000138a                GetCurrentProcessId
                0x000000014000139d                GetPointerToDosSysVars
                0x00000001400013b0                GenerateDPB
                0x00000001400013d0                GeneratePartialPSP
                0x00000001400013e5                GenerateNewPSP
                0x0000000140001402                GetPtrToInDOSFlag
                0x0000000140001415                GetSwitchChar
                0x0000000140001426                SetSwitchChar
                0x000000014000143b                __setDTA
                0x0000000140001450                __getDTA
                0x0000000140001463                ParseFileName
                0x000000014000148a                CreateDirectory
                0x00000001400014a9                DeleteDirectory
                0x00000001400014c8                ChangeCurrentDirectory
                0x00000001400014e7                CreateFile
                0x0000000140001507                OpenFile
                0x0000000140001537                CloseFile
                0x000000014000155a                ReadFile
                0x0000000140001590                WriteFile
                0x00000001400015c6                DeleteFile
                0x00000001400015e8                SetFilePointer
                0x0000000140001609                SetFilePointerL
                0x0000000140001637                GetFileAttributes
                0x0000000140001654                SetFileAttributes
                0x0000000140001674                DuplicateHandle
                0x000000014000169c                ForceDuplicateHandle
                0x00000001400016c5                GetCurrentDirectory
                0x00000001400016f0                __FindFirst
                0x000000014000171b                FindFirstFile
                0x0000000140001769                __FindNext
                0x0000000140001781                FindNextFile
                0x00000001400017bc                FindClose
                0x00000001400017cb                RenameFile
                0x00000001400017f3                GetFileDateAndTime
                0x0000000140001825                SetFileDateAndTime
                0x000000014000184d                CreateTemporaryFile
                0x000000014000186d                CreateUniqueFile
                0x000000014000188d                GetFQFileName
                0x00000001400018b7                FlushFile
                0x00000001400018d6                ExecProcess
                0x00000001400018fe                LoadProcess
                0x0000000140001926                LoadOverlay
                0x000000014000194e                ExitProcess
                0x0000000140001963                ExitProcessAndStayResidentP
                0x000000014000197b                ExitProcessAndStayResidentB
                0x0000000140001989                GetExitCodeProcess
                0x0000000140001997                __AllocateMemory
                0x00000001400019b2                __FreeMemory
                0x00000001400019d1                __ReallocateMemory
                0x00000001400019f7                VirtualAllocate
                0x0000000140001a12                VirtualFree
                0x0000000140001a2d                VirtualReallocate
                0x0000000140001a53                PhysicalAllocate
                0x0000000140001a6e                PhysicalFree
                0x0000000140001a89                PhysicalReallocate
                0x0000000140001aaf                GetMemoryAllocationStrategy
                0x0000000140001abd                SetMemoryAllocationStrategy
                0x0000000140001add                GetChar
                0x0000000140001aee                PutChar
                0x0000000140001b04                AuxInput
                0x0000000140001b15                AuxOutput
                0x0000000140001b2b                PrnOutput
                0x0000000140001b41                DirectConInAsync
                0x0000000140001b66                DirectConOutAsync
                0x0000000140001b81                DirectConIn
                0x0000000140001b92                ConInput
                0x0000000140001ba3                __WriteString
                0x0000000140001bc1                WriteString
                0x0000000140001c20                __GetBufferedInput
                0x0000000140001c35                GetBufferedInput
                0x0000000140001c73                GetConInputStatus
                0x0000000140001c83                ClearInputBuffer
                0x0000000140001c91                GetDate
                0x0000000140001cc6                SetDate
                0x0000000140001cee                GetTime
                0x0000000140001d22                SetTime
                0x0000000140001d5a                GetCountryInformation

.rdata          0x0000000140002000      0x200 load address 0x0000000000002000
 .rdata         0x0000000140002000       0x10 ./out/bin/main.obj
 .rdata$zzz     0x0000000140002010       0x20 ./out/bin/main.obj
 .rdata$zzz     0x0000000140002030       0x20 ./../DOSCRT/./out/lib/scpdos.lib

.xdata          0x0000000140003000      0x400 load address 0x0000000000003000
 .xdata         0x0000000140003000        0xc ./out/bin/main.obj
 .xdata         0x000000014000300c      0x300 ./../DOSCRT/./out/lib/scpdos.lib

.pdata          0x0000000140004000      0x600 load address 0x0000000000004000
 .pdata         0x0000000140004000        0xc ./out/bin/main.obj
 .pdata         0x000000014000400c      0x438 ./../DOSCRT/./out/lib/scpdos.lib

.data           0x0000000140004450        0x0 load address 0x0000000000004450
 *(.data)
 .data          0x0000000140004450        0x0 ./out/bin/main.obj
 .data          0x0000000140004450        0x0 ./../DOSCRT/./out/lib/scpdos.lib

.rodata
 *(.rodata)

.bss            0x0000000140004450       0x20 load address 0x0000000000004450
                0x0000000140004450                _BSS_START_ = .
 *(.bss)
 .bss           0x0000000140004450        0x0 ./out/bin/main.obj
 .bss           0x0000000140004450       0x20 ./../DOSCRT/./out/lib/scpdos.lib
                0x0000000140004450                _env
                0x0000000140004458                _argc
                0x0000000140004460                _argv
 *(COMMON)
 *(.bss*)
 *(.stack)
                0x0000000140004470                _BSS_END_ = .
LOAD ./out/bin/main.obj
LOAD ./../DOSCRT/./out/lib/scpdos.lib
OUTPUT(./out/bin/a.exe pei-x86-64)
LOAD dll stuff

.reloc          0x0000000140005000        0x0
 .reloc         0x0000000140005000        0x0 dll stuff
